Component: ARM Compiler 5.06 update 7 (build 960) Tool: armlink [4d3601]

==============================================================================

Section Cross References

    system_stm32f4xx.o(i.SystemCoreClockUpdate) refers to system_stm32f4xx.o(.data) for SystemCoreClock
    system_stm32f4xx.o(i.SystemInit) refers to system_stm32f4xx.o(i.SetSysClock) for SetSysClock
    main.o(i.main) refers to _printf_percent.o(.ARM.Collect$$_printf_percent$$00000000) for _printf_percent
    main.o(i.main) refers to _printf_d.o(.ARM.Collect$$_printf_percent$$00000009) for _printf_d
    main.o(i.main) refers to _printf_f.o(.ARM.Collect$$_printf_percent$$00000003) for _printf_f
    main.o(i.main) refers to _printf_dec.o(.text) for _printf_int_dec
    main.o(i.main) refers to printf1.o(x$fpl$printf1) for _printf_fp_dec
    main.o(i.main) refers to misc.o(i.NVIC_PriorityGroupConfig) for NVIC_PriorityGroupConfig
    main.o(i.main) refers to delay.o(i.delay_init) for delay_init
    main.o(i.main) refers to pidtool.o(i.protocol_init) for protocol_init
    main.o(i.main) refers to usart.o(i.uart_init) for uart_init
    main.o(i.main) refers to usart.o(i.uart2_v831_init) for uart2_v831_init
    main.o(i.main) refers to led.o(i.LED_Init) for LED_Init
    main.o(i.main) refers to oled.o(i.OLED_Init) for OLED_Init
    main.o(i.main) refers to key.o(i.KEY_Init) for KEY_Init
    main.o(i.main) refers to oled.o(i.OLED_ShowString) for OLED_ShowString
    main.o(i.main) refers to oled.o(i.OLED_Refresh) for OLED_Refresh
    main.o(i.main) refers to servo.o(i.servo_init) for servo_init
    main.o(i.main) refers to servo.o(i.servo_ctr) for servo_ctr
    main.o(i.main) refers to delay.o(i.delay_ms) for delay_ms
    main.o(i.main) refers to oled.o(i.OLED_Clear) for OLED_Clear
    main.o(i.main) refers to pid.o(i.PID_param_init) for PID_param_init
    main.o(i.main) refers to pid.o(i.set_pid_polarity) for set_pid_polarity
    main.o(i.main) refers to pid.o(i.set_p_i_d) for set_p_i_d
    main.o(i.main) refers to pid.o(i.set_pid_target) for set_pid_target
    main.o(i.main) refers to pid.o(i.PID_TimerInit) for PID_TimerInit
    main.o(i.main) refers to stm32f4xx_tim.o(i.TIM_Cmd) for TIM_Cmd
    main.o(i.main) refers to pidtool.o(i.receiving_process) for receiving_process
    main.o(i.main) refers to usart.o(i.decode_uartData) for decode_uartData
    main.o(i.main) refers to kalman.o(i.kalmanFilter_A) for kalmanFilter_A
    main.o(i.main) refers to f2d.o(x$fpl$f2d) for __aeabi_f2d
    main.o(i.main) refers to noretval__2printf.o(.text) for __2printf
    main.o(i.main) refers to servo.o(.data) for Xserv
    main.o(i.main) refers to control.o(.bss) for x_pid
    main.o(i.main) refers to control.o(i.mode_1) for mode_1
    main.o(i.main) refers to control.o(.data) for mode_task
    main.o(i.main) refers to main.o(.data) for y
    control.o(i.TIM1_UP_TIM10_IRQHandler) refers to stm32f4xx_tim.o(i.TIM_GetITStatus) for TIM_GetITStatus
    control.o(i.TIM1_UP_TIM10_IRQHandler) refers to stm32f4xx_tim.o(i.TIM_ClearITPendingBit) for TIM_ClearITPendingBit
    control.o(i.TIM1_UP_TIM10_IRQHandler) refers to control.o(.data) for RecCoorFlag
    control.o(i.mode_1) refers to pid.o(i.PID_Calculate) for PID_Calculate
    control.o(i.mode_1) refers to servo.o(i.servo_ctr) for servo_ctr
    control.o(i.mode_1) refers to main.o(.data) for after_kalman_y
    control.o(i.mode_1) refers to control.o(.bss) for y_pid
    control.o(i.mode_1) refers to control.o(.data) for PidOut
    control.o(i.mode_1) refers to servo.o(.data) for Yserv
    control.o(i.mode_select) refers to oled.o(i.OLED_ShowString) for OLED_ShowString
    control.o(i.mode_select) refers to oled.o(i.OLED_ShowNum) for OLED_ShowNum
    control.o(i.mode_select) refers to oled.o(i.OLED_Refresh) for OLED_Refresh
    control.o(i.mode_select) refers to key.o(i.KEY_Scan) for KEY_Scan
    pid.o(i.PID_TimerInit) refers to stm32f4xx_rcc.o(i.RCC_APB2PeriphClockCmd) for RCC_APB2PeriphClockCmd
    pid.o(i.PID_TimerInit) refers to stm32f4xx_tim.o(i.TIM_TimeBaseInit) for TIM_TimeBaseInit
    pid.o(i.PID_TimerInit) refers to stm32f4xx_tim.o(i.TIM_ITConfig) for TIM_ITConfig
    pid.o(i.PID_TimerInit) refers to misc.o(i.NVIC_Init) for NVIC_Init
    kalman.o(i.kalmanFilter_A) refers to kalman.o(.data) for p
    stm32f4xx_adc.o(i.ADC_DeInit) refers to stm32f4xx_rcc.o(i.RCC_APB2PeriphResetCmd) for RCC_APB2PeriphResetCmd
    stm32f4xx_can.o(i.CAN_DeInit) refers to stm32f4xx_rcc.o(i.RCC_APB1PeriphResetCmd) for RCC_APB1PeriphResetCmd
    stm32f4xx_can.o(i.CAN_GetITStatus) refers to stm32f4xx_can.o(i.CheckITStatus) for CheckITStatus
    stm32f4xx_cryp.o(i.CRYP_DeInit) refers to stm32f4xx_rcc.o(i.RCC_AHB2PeriphResetCmd) for RCC_AHB2PeriphResetCmd
    stm32f4xx_cryp_aes.o(i.CRYP_AES_CBC) refers to stm32f4xx_cryp.o(i.CRYP_KeyStructInit) for CRYP_KeyStructInit
    stm32f4xx_cryp_aes.o(i.CRYP_AES_CBC) refers to stm32f4xx_cryp.o(i.CRYP_FIFOFlush) for CRYP_FIFOFlush
[...]
    ..\\FWLIB\\src\\stm32f4xx_flash.c        0x00000000   Number         0  stm32f4xx_flash.o ABSOLUTE
    ..\\FWLIB\\src\\stm32f4xx_flash_ramfunc.c 0x00000000   Number         0  stm32f4xx_flash_ramfunc.o ABSOLUTE
    ..\\FWLIB\\src\\stm32f4xx_fmpi2c.c       0x00000000   Number         0  stm32f4xx_fmpi2c.o ABSOLUTE
    ..\\FWLIB\\src\\stm32f4xx_gpio.c         0x00000000   Number         0  stm32f4xx_gpio.o ABSOLUTE
    ..\\FWLIB\\src\\stm32f4xx_hash.c         0x00000000   Number         0  stm32f4xx_hash.o ABSOLUTE
    ..\\FWLIB\\src\\stm32f4xx_hash_md5.c     0x00000000   Number         0  stm32f4xx_hash_md5.o ABSOLUTE
    ..\\FWLIB\\src\\stm32f4xx_hash_sha1.c    0x00000000   Number         0  stm32f4xx_hash_sha1.o ABSOLUTE
    ..\\FWLIB\\src\\stm32f4xx_i2c.c          0x00000000   Number         0  stm32f4xx_i2c.o ABSOLUTE
    ..\\FWLIB\\src\\stm32f4xx_iwdg.c         0x00000000   Number         0  stm32f4xx_iwdg.o ABSOLUTE
    ..\\FWLIB\\src\\stm32f4xx_lptim.c        0x00000000   Number         0  stm32f4xx_lptim.o ABSOLUTE
    ..\\FWLIB\\src\\stm32f4xx_ltdc.c         0x00000000   Number         0  stm32f4xx_ltdc.o ABSOLUTE
    ..\\FWLIB\\src\\stm32f4xx_pwr.c          0x00000000   Number         0  stm32f4xx_pwr.o ABSOLUTE
    ..\\FWLIB\\src\\stm32f4xx_qspi.c         0x00000000   Number         0  stm32f4xx_qspi.o ABSOLUTE
    ..\\FWLIB\\src\\stm32f4xx_rcc.c          0x00000000   Number         0  stm32f4xx_rcc.o ABSOLUTE
    ..\\FWLIB\\src\\stm32f4xx_rng.c          0x00000000   Number         0  stm32f4xx_rng.o ABSOLUTE
    ..\\FWLIB\\src\\stm32f4xx_rtc.c          0x00000000   Number         0  stm32f4xx_rtc.o ABSOLUTE
    ..\\FWLIB\\src\\stm32f4xx_sai.c          0x00000000   Number         0  stm32f4xx_sai.o ABSOLUTE
    ..\\FWLIB\\src\\stm32f4xx_sdio.c         0x00000000   Number         0  stm32f4xx_sdio.o ABSOLUTE
    ..\\FWLIB\\src\\stm32f4xx_spdifrx.c      0x00000000   Number         0  stm32f4xx_spdifrx.o ABSOLUTE
    ..\\FWLIB\\src\\stm32f4xx_spi.c          0x00000000   Number         0  stm32f4xx_spi.o ABSOLUTE
    ..\\FWLIB\\src\\stm32f4xx_syscfg.c       0x00000000   Number         0  stm32f4xx_syscfg.o ABSOLUTE
    ..\\FWLIB\\src\\stm32f4xx_tim.c          0x00000000   Number         0  stm32f4xx_tim.o ABSOLUTE
    ..\\FWLIB\\src\\stm32f4xx_usart.c        0x00000000   Number         0  stm32f4xx_usart.o ABSOLUTE
    ..\\FWLIB\\src\\stm32f4xx_wwdg.c         0x00000000   Number         0  stm32f4xx_wwdg.o ABSOLUTE
    ..\\HARDWARE\\key.c                      0x00000000   Number         0  key.o ABSOLUTE
    ..\\HARDWARE\\led.c                      0x00000000   Number         0  led.o ABSOLUTE
    ..\\HARDWARE\\oled.c                     0x00000000   Number         0  oled.o ABSOLUTE
    ..\\HARDWARE\\pidtool.c                  0x00000000   Number         0  pidtool.o ABSOLUTE
    ..\\HARDWARE\\servo.c                    0x00000000   Number         0  servo.o ABSOLUTE
    ..\\SYSTERM\\delay.c                     0x00000000   Number         0  delay.o ABSOLUTE
    ..\\SYSTERM\\sys.c                       0x00000000   Number         0  sys.o ABSOLUTE
    ..\\SYSTERM\\timer.c                     0x00000000   Number         0  timer.o ABSOLUTE
    ..\\SYSTERM\\usart.c                     0x00000000   Number         0  usart.o ABSOLUTE
    ..\\USER\\Kalman.c                       0x00000000   Number         0  kalman.o ABSOLUTE
    ..\\USER\\control.c                      0x00000000   Number         0  control.o ABSOLUTE
    ..\\USER\\main.c                         0x00000000   Number         0  main.o ABSOLUTE
    ..\\USER\\pid.c                          0x00000000   Number         0  pid.o ABSOLUTE
    ..\\USER\\stm32f4xx_it.c                 0x00000000   Number         0  stm32f4xx_it.o ABSOLUTE
    ..\\USER\\system_stm32f4xx.c             0x00000000   Number         0  system_stm32f4xx.o ABSOLUTE
    dc.s                                     0x00000000   Number         0  dc.o ABSOLUTE
    RESET                                    0x08000000   Section      392  startup_stm32f40_41xxx.o(RESET)
    !!!main                                  0x08000188   Section        8  __main.o(!!!main)
    !!!scatter                               0x08000190   Section       52  __scatter.o(!!!scatter)
    !!handler_copy                           0x080001c4   Section       26  __scatter_copy.o(!!handler_copy)
    !!handler_zi                             0x080001e0   Section       28  __scatter_zi.o(!!handler_zi)
    .ARM.Collect$$_printf_percent$$00000000  0x080001fc   Section        0  _printf_percent.o(.ARM.Collect$$_printf_percent$$00000000)
    .ARM.Collect$$_printf_percent$$00000003  0x080001fc   Section        6  _printf_f.o(.ARM.Collect$$_printf_percent$$00000003)
    .ARM.Collect$$_printf_percent$$00000009  0x08000202   Section        6  _printf_d.o(.ARM.Collect$$_printf_percent$$00000009)
    .ARM.Collect$$_printf_percent$$00000017  0x08000208   Section        4  _printf_percent_end.o(.ARM.Collect$$_printf_percent$$00000017)
    .ARM.Collect$$libinit$$00000000          0x0800020c   Section        2  libinit.o(.ARM.Collect$$libinit$$00000000)
    .ARM.Collect$$libinit$$00000001          0x0800020e   Section        4  libinit2.o(.ARM.Collect$$libinit$$00000001)
    .ARM.Collect$$libinit$$00000004          0x08000212   Section        0  libinit2.o(.ARM.Collect$$libinit$$00000004)
    .ARM.Collect$$libinit$$0000000A          0x08000212   Section        0  libinit2.o(.ARM.Collect$$libinit$$0000000A)
    .ARM.Collect$$libinit$$0000000C          0x08000212   Section        0  libinit2.o(.ARM.Collect$$libinit$$0000000C)
    .ARM.Collect$$libinit$$0000000E          0x08000212   Section        0  libinit2.o(.ARM.Collect$$libinit$$0000000E)
    .ARM.Collect$$libinit$$0000000F          0x08000212   Section        6  libinit2.o(.ARM.Collect$$libinit$$0000000F)
    .ARM.Collect$$libinit$$00000011          0x08000218   Section        0  libinit2.o(.ARM.Collect$$libinit$$00000011)
    .ARM.Collect$$libinit$$00000013          0x08000218   Section        0  libinit2.o(.ARM.Collect$$libinit$$00000013)
    .ARM.Collect$$libinit$$00000015          0x08000218   Section        0  libinit2.o(.ARM.Collect$$libinit$$00000015)
    .ARM.Collect$$libinit$$00000016          0x08000218   Section       10  libinit2.o(.ARM.Collect$$libinit$$00000016)
    .ARM.Collect$$libinit$$00000017          0x08000222   Section        0  libinit2.o(.ARM.Collect$$libinit$$00000017)
    .ARM.Collect$$libinit$$00000019          0x08000222   Section        0  libinit2.o(.ARM.Collect$$libinit$$00000019)
    .ARM.Collect$$libinit$$0000001B          0x08000222   Section        0  libinit2.o(.ARM.Collect$$libinit$$0000001B)
    .ARM.Collect$$libinit$$0000001D          0x08000222   Section        0  libinit2.o(.ARM.Collect$$libinit$$0000001D)
    .ARM.Collect$$libinit$$0000001F          0x08000222   Section        0  libinit2.o(.ARM.Collect$$libinit$$0000001F)
    .ARM.Collect$$libinit$$00000021          0x08000222   Section        0  libinit2.o(.ARM.Collect$$libinit$$00000021)
    .ARM.Collect$$libinit$$00000023          0x08000222   Section        0  libinit2.o(.ARM.Collect$$libinit$$00000023)
    .ARM.Collect$$libinit$$00000025          0x08000222   Section        0  libinit2.o(.ARM.Collect$$libinit$$00000025)
    .ARM.Collect$$libinit$$0000002C          0x08000222   Section        0  libinit2.o(.ARM.Collect$$libinit$$0000002C)
    .ARM.Collect$$libinit$$0000002E          0x08000222   Section        0  libinit2.o(.ARM.Collect$$libinit$$0000002E)
    .ARM.Collect$$libinit$$00000030          0x08000222   Section        0  libinit2.o(.ARM.Collect$$libinit$$00000030)
    .ARM.Collect$$libinit$$00000032          0x08000222   Section        0  libinit2.o(.ARM.Collect$$libinit$$00000032)
    .ARM.Collect$$libinit$$00000033          0x08000222   Section        2  libinit2.o(.ARM.Collect$$libinit$$00000033)
    .ARM.Collect$$libshutdown$$00000000      0x08000224   Section        2  libshutdown.o(.ARM.Collect$$libshutdown$$00000000)
    .ARM.Collect$$libshutdown$$00000002      0x08000226   Section        0  libshutdown2.o(.ARM.Collect$$libshutdown$$00000002)
    .ARM.Collect$$libshutdown$$00000004      0x08000226   Section        0  libshutdown2.o(.ARM.Collect$$libshutdown$$00000004)
    .ARM.Collect$$libshutdown$$00000006      0x08000226   Section        0  libshutdown2.o(.ARM.Collect$$libshutdown$$00000006)
    .ARM.Collect$$libshutdown$$00000009      0x08000226   Section        0  libshutdown2.o(.ARM.Collect$$libshutdown$$00000009)
    .ARM.Collect$$libshutdown$$0000000C      0x08000226   Section        0  libshutdown2.o(.ARM.Collect$$libshutdown$$0000000C)
    .ARM.Collect$$libshutdown$$0000000E      0x08000226   Section        0  libshutdown2.o(.ARM.Collect$$libshutdown$$0000000E)
    .ARM.Collect$$libshutdown$$00000011      0x08000226   Section        0  libshutdown2.o(.ARM.Collect$$libshutdown$$00000011)
    .ARM.Collect$$libshutdown$$00000012      0x08000226   Section        2  libshutdown2.o(.ARM.Collect$$libshutdown$$00000012)
    .ARM.Collect$$rtentry$$00000000          0x08000228   Section        0  __rtentry.o(.ARM.Collect$$rtentry$$00000000)
    .ARM.Collect$$rtentry$$00000002          0x08000228   Section        0  __rtentry2.o(.ARM.Collect$$rtentry$$00000002)
    .ARM.Collect$$rtentry$$00000004          0x08000228   Section        6  __rtentry4.o(.ARM.Collect$$rtentry$$00000004)
    .ARM.Collect$$rtentry$$00000009          0x0800022e   Section        0  __rtentry2.o(.ARM.Collect$$rtentry$$00000009)
    .ARM.Collect$$rtentry$$0000000A          0x0800022e   Section        4  __rtentry2.o(.ARM.Collect$$rtentry$$0000000A)
    .ARM.Collect$$rtentry$$0000000C          0x08000232   Section        0  __rtentry2.o(.ARM.Collect$$rtentry$$0000000C)
    .ARM.Collect$$rtentry$$0000000D          0x08000232   Section        8  __rtentry2.o(.ARM.Collect$$rtentry$$0000000D)
    .ARM.Collect$$rtexit$$00000000           0x0800023a   Section        2  rtexit.o(.ARM.Collect$$rtexit$$00000000)
    .ARM.Collect$$rtexit$$00000002           0x0800023c   Section        0  rtexit2.o(.ARM.Collect$$rtexit$$00000002)
    .ARM.Collect$$rtexit$$00000003           0x0800023c   Section        4  rtexit2.o(.ARM.Collect$$rtexit$$00000003)
    .ARM.Collect$$rtexit$$00000004           0x08000240   Section        6  rtexit2.o(.ARM.Collect$$rtexit$$00000004)
    .text                                    0x08000248   Section       64  startup_stm32f40_41xxx.o(.text)
    $v0                                      0x08000248   Number         0  startup_stm32f40_41xxx.o(.text)
    .text                                    0x08000288   Section        2  use_no_semi_2.o(.text)
    .text                                    0x0800028c   Section        0  noretval__2printf.o(.text)
    .text                                    0x080002a4   Section        0  __printf.o(.text)
    .text                                    0x0800030c   Section        0  _printf_dec.o(.text)
    .text                                    0x08000384   Section      138  rt_memcpy_v6.o(.text)
    .text                                    0x0800040e   Section      100  rt_memcpy_w.o(.text)
    .text                                    0x08000472   Section       78  rt_memclr_w.o(.text)
    .text                                    0x080004c0   Section        0  heapauxi.o(.text)
    .text                                    0x080004c6   Section        2  use_no_semi.o(.text)
    .text                                    0x080004c8   Section        0  _printf_intcommon.o(.text)
    .text                                    0x0800057a   Section        0  _printf_fp_dec.o(.text)
    _fp_digits                               0x0800057d   Thumb Code   432  _printf_fp_dec.o(.text)
    .text                                    0x08000998   Section        0  _printf_char_file.o(.text)
    .text                                    0x080009bc   Section        8  rt_locale_intlibspace.o(.text)
    .text                                    0x080009c4   Section      138  lludiv10.o(.text)
    .text                                    0x08000a50   Section        0  _printf_char_common.o(.text)
    _printf_input_char                       0x08000a51   Thumb Code    10  _printf_char_common.o(.text)
    .text                                    0x08000a80   Section        0  _printf_fp_infnan.o(.text)
    .text                                    0x08000b00   Section        0  bigflt0.o(.text)
    .text                                    0x08000be4   Section        0  ferror.o(.text)
    .text                                    0x08000bec   Section        8  libspace.o(.text)
    .text                                    0x08000bf4   Section       74  sys_stackheap_outer.o(.text)
    .text                                    0x08000c3e   Section        0  exit.o(.text)
    .text                                    0x08000c50   Section      128  strcmpv7m.o(.text)
    CL$$btod_d2e                             0x08000cd0   Section       62  btod.o(CL$$btod_d2e)
    CL$$btod_d2e_denorm_low                  0x08000d0e   Section       70  btod.o(CL$$btod_d2e_denorm_low)
    CL$$btod_d2e_norm_op1                    0x08000d54   Section       96  btod.o(CL$$btod_d2e_norm_op1)
    CL$$btod_div_common                      0x08000db4   Section      824  btod.o(CL$$btod_div_common)
    CL$$btod_e2e                             0x080010ec   Section      220  btod.o(CL$$btod_e2e)
    CL$$btod_ediv                            0x080011c8   Section       42  btod.o(CL$$btod_ediv)
    CL$$btod_emul                            0x080011f2   Section       42  btod.o(CL$$btod_emul)
    CL$$btod_mult_common                     0x0800121c   Section      580  btod.o(CL$$btod_mult_common)
    i.BusFault_Handler                       0x08001460   Section        0  stm32f4xx_it.o(i.BusFault_Handler)
    i.DebugMon_Handler                       0x08001464   Section        0  stm32f4xx_it.o(i.DebugMon_Handler)
    i.GPIO_Init                              0x08001466   Section        0  stm32f4xx_gpio.o(i.GPIO_Init)
    i.GPIO_PinAFConfig                       0x080014f6   Section        0  stm32f4xx_gpio.o(i.GPIO_PinAFConfig)
    i.GPIO_ResetBits                         0x0800153c   Section        0  stm32f4xx_gpio.o(i.GPIO_ResetBits)
    i.GPIO_SetBits                           0x08001542   Section        0  stm32f4xx_gpio.o(i.GPIO_SetBits)
    i.HardFault_Handler                      0x08001546   Section        0  stm32f4xx_it.o(i.HardFault_Handler)
    i.KEY_Init                               0x0800154c   Section        0  key.o(i.KEY_Init)
    i.LED_Init                               0x08001598   Section        0  led.o(i.LED_Init)
    i.MemManage_Handler                      0x080015d8   Section        0  stm32f4xx_it.o(i.MemManage_Handler)
    i.NMI_Handler                            0x080015dc   Section        0  stm32f4xx_it.o(i.NMI_Handler)
    i.NVIC_Init                              0x080015e0   Section        0  misc.o(i.NVIC_Init)
    i.NVIC_PriorityGroupConfig               0x08001658   Section        0  misc.o(i.NVIC_PriorityGroupConfig)
    i.OLED_Clear                             0x0800166c   Section        0  oled.o(i.OLED_Clear)
    i.OLED_DrawPoint                         0x0800169c   Section        0  oled.o(i.OLED_DrawPoint)
    i.OLED_Init                              0x08001714   Section        0  oled.o(i.OLED_Init)
    i.OLED_Refresh                           0x0800187c   Section        0  oled.o(i.OLED_Refresh)
    i.OLED_ShowChar                          0x080018c8   Section        0  oled.o(i.OLED_ShowChar)
    i.OLED_ShowString                        0x08001a04   Section        0  oled.o(i.OLED_ShowString)
    i.OLED_WR_Byte                           0x08001a54   Section        0  oled.o(i.OLED_WR_Byte)
    i.PID_Calculate                          0x08001adc   Section        0  pid.o(i.PID_Calculate)
    i.PID_TimerInit                          0x08001b7c   Section        0  pid.o(i.PID_TimerInit)
    i.PID_param_init                         0x08001bd0   Section        0  pid.o(i.PID_param_init)
    i.PWR_WakeUpPinCmd                       0x08001c28   Section        0  stm32f4xx_pwr.o(i.PWR_WakeUpPinCmd)
    i.PendSV_Handler                         0x08001c34   Section        0  stm32f4xx_it.o(i.PendSV_Handler)
    i.RCC_AHB1PeriphClockCmd                 0x08001c38   Section        0  stm32f4xx_rcc.o(i.RCC_AHB1PeriphClockCmd)
    i.RCC_APB1PeriphClockCmd                 0x08001c58   Section        0  stm32f4xx_rcc.o(i.RCC_APB1PeriphClockCmd)
    i.RCC_APB2PeriphClockCmd                 0x08001c78   Section        0  stm32f4xx_rcc.o(i.RCC_APB2PeriphClockCmd)
    i.RCC_GetClocksFreq                      0x08001c98   Section        0  stm32f4xx_rcc.o(i.RCC_GetClocksFreq)
    i.SVC_Handler                            0x08001d80   Section        0  stm32f4xx_it.o(i.SVC_Handler)
    i.SetSysClock                            0x08001d84   Section        0  system_stm32f4xx.o(i.SetSysClock)
    SetSysClock                              0x08001d85   Thumb Code   220  system_stm32f4xx.o(i.SetSysClock)
    i.SysTick_CLKSourceConfig                0x08001e70   Section        0  misc.o(i.SysTick_CLKSourceConfig)
    i.SysTick_Handler                        0x08001e98   Section        0  stm32f4xx_it.o(i.SysTick_Handler)
    i.SystemInit                             0x08001e9c   Section        0  system_stm32f4xx.o(i.SystemInit)
    i.TIM1_UP_TIM10_IRQHandler               0x08001f04   Section        0  control.o(i.TIM1_UP_TIM10_IRQHandler)
    i.TIM2_IRQHandler                        0x08001f3c   Section        0  servo.o(i.TIM2_IRQHandler)
    i.TIM3_IRQHandler                        0x08001f68   Section        0  timer.o(i.TIM3_IRQHandler)
    i.TIM_ClearITPendingBit                  0x08001f80   Section        0  stm32f4xx_tim.o(i.TIM_ClearITPendingBit)
    i.TIM_Cmd                                0x08001f86   Section        0  stm32f4xx_tim.o(i.TIM_Cmd)
    i.TIM_GetITStatus                        0x08001f9e   Section        0  stm32f4xx_tim.o(i.TIM_GetITStatus)
    i.TIM_ITConfig                           0x08001fc0   Section        0  stm32f4xx_tim.o(i.TIM_ITConfig)
    i.TIM_OC1Init                            0x08001fd4   Section        0  stm32f4xx_tim.o(i.TIM_OC1Init)
    i.TIM_OC1PreloadConfig                   0x08002050   Section        0  stm32f4xx_tim.o(i.TIM_OC1PreloadConfig)
    i.TIM_OC2Init                            0x08002064   Section        0  stm32f4xx_tim.o(i.TIM_OC2Init)
    i.TIM_OC2PreloadConfig                   0x08002108   Section        0  stm32f4xx_tim.o(i.TIM_OC2PreloadConfig)
    i.TIM_SetAutoreload                      0x08002122   Section        0  stm32f4xx_tim.o(i.TIM_SetAutoreload)
    i.TIM_SetCompare1                        0x08002126   Section        0  stm32f4xx_tim.o(i.TIM_SetCompare1)
    i.TIM_SetCompare2                        0x0800212a   Section        0  stm32f4xx_tim.o(i.TIM_SetCompare2)
    i.TIM_TimeBaseInit                       0x08002130   Section        0  stm32f4xx_tim.o(i.TIM_TimeBaseInit)
    i.USART1_IRQHandler                      0x080021b4   Section        0  pidtool.o(i.USART1_IRQHandler)
    i.USART2_IRQHandler                      0x08002244   Section        0  usart.o(i.USART2_IRQHandler)
    i.USART_ClearFlag                        0x08002364   Section        0  stm32f4xx_usart.o(i.USART_ClearFlag)
    i.USART_ClearITPendingBit                0x08002376   Section        0  stm32f4xx_usart.o(i.USART_ClearITPendingBit)
    i.USART_Cmd                              0x08002394   Section        0  stm32f4xx_usart.o(i.USART_Cmd)
    i.USART_GetITStatus                      0x080023ac   Section        0  stm32f4xx_usart.o(i.USART_GetITStatus)
    i.USART_ITConfig                         0x08002400   Section        0  stm32f4xx_usart.o(i.USART_ITConfig)
    i.USART_Init                             0x0800244c   Section        0  stm32f4xx_usart.o(i.USART_Init)
    i.USART_ReceiveData                      0x08002520   Section        0  stm32f4xx_usart.o(i.USART_ReceiveData)
    i.UsageFault_Handler                     0x0800252a   Section        0  stm32f4xx_it.o(i.UsageFault_Handler)
    i.__ARM_fpclassify                       0x0800252e   Section        0  fpclassify.o(i.__ARM_fpclassify)
    i._sys_exit                              0x0800255e   Section        0  usart.o(i._sys_exit)
    i.check_sum                              0x08002562   Section        0  pidtool.o(i.check_sum)
    i.decode_uartData                        0x08002580   Section        0  usart.o(i.decode_uartData)
    i.delay_init                             0x080025d0   Section        0  delay.o(i.delay_init)
    i.delay_ms                               0x0800260c   Section        0  delay.o(i.delay_ms)
    i.delay_xms                              0x08002644   Section        0  delay.o(i.delay_xms)
    i.fputc                                  0x08002690   Section        0  usart.o(i.fputc)
    i.get_frame_checksum                     0x080026ac   Section        0  pidtool.o(i.get_frame_checksum)
    get_frame_checksum                       0x080026ad   Thumb Code    26  pidtool.o(i.get_frame_checksum)
    i.get_frame_len                          0x080026c6   Section        0  pidtool.o(i.get_frame_len)
    get_frame_len                            0x080026c7   Thumb Code    52  pidtool.o(i.get_frame_len)
    i.get_frame_type                         0x080026fa   Section        0  pidtool.o(i.get_frame_type)
    get_frame_type                           0x080026fb   Thumb Code    14  pidtool.o(i.get_frame_type)
    i.kalmanFilter_A                         0x08002708   Section        0  kalman.o(i.kalmanFilter_A)
    i.main                                   0x08002790   Section        0  main.o(i.main)
    i.mode_1                                 0x0800291c   Section        0  control.o(i.mode_1)
    i.protocol_data_recv                     0x0800295c   Section        0  pidtool.o(i.protocol_data_recv)
    i.protocol_frame_parse                   0x08002990   Section        0  pidtool.o(i.protocol_frame_parse)
    protocol_frame_parse                     0x08002991   Thumb Code   442  pidtool.o(i.protocol_frame_parse)
    i.protocol_init                          0x08002b50   Section        0  pidtool.o(i.protocol_init)
    i.receiving_process                      0x08002b6c   Section        0  pidtool.o(i.receiving_process)
    i.recvbuf_find_header                    0x08002c84   Section        0  pidtool.o(i.recvbuf_find_header)
    recvbuf_find_header                      0x08002c85   Thumb Code   112  pidtool.o(i.recvbuf_find_header)
    i.recvbuf_get_len_to_parse               0x08002cf8   Section        0  pidtool.o(i.recvbuf_get_len_to_parse)
    recvbuf_get_len_to_parse                 0x08002cf9   Thumb Code    34  pidtool.o(i.recvbuf_get_len_to_parse)
    i.recvbuf_put_data                       0x08002d1a   Section        0  pidtool.o(i.recvbuf_put_data)
    recvbuf_put_data                         0x08002d1b   Thumb Code    70  pidtool.o(i.recvbuf_put_data)
    i.servo_ctr                              0x08002d60   Section        0  servo.o(i.servo_ctr)
    i.servo_init                             0x08002db4   Section        0  servo.o(i.servo_init)
    i.set_p_i_d                              0x08002ea8   Section        0  pid.o(i.set_p_i_d)
    i.set_pid_polarity                       0x08002eea   Section        0  pid.o(i.set_pid_polarity)
    i.set_pid_target                         0x08002ef6   Section        0  pid.o(i.set_pid_target)
    i.uart2_v831_init                        0x08002efc   Section        0  usart.o(i.uart2_v831_init)
    i.uart_init                              0x08002fb0   Section        0  usart.o(i.uart_init)
    locale$$code                             0x08003074   Section       44  lc_numeric_c.o(locale$$code)
    x$fpl$dretinf                            0x080030a0   Section       12  dretinf.o(x$fpl$dretinf)
    $v0                                      0x080030a0   Number         0  dretinf.o(x$fpl$dretinf)
    x$fpl$f2d                                0x080030ac   Section       86  f2d.o(x$fpl$f2d)
    $v0                                      0x080030ac   Number         0  f2d.o(x$fpl$f2d)
    x$fpl$fnaninf                            0x08003102   Section      140  fnaninf.o(x$fpl$fnaninf)
    $v0                                      0x08003102   Number         0  fnaninf.o(x$fpl$fnaninf)
    x$fpl$fpinit                             0x0800318e   Section       10  fpinit.o(x$fpl$fpinit)
    $v0                                      0x0800318e   Number         0  fpinit.o(x$fpl$fpinit)
    x$fpl$printf1                            0x08003198   Section        4  printf1.o(x$fpl$printf1)
    $v0                                      0x08003198   Number         0  printf1.o(x$fpl$printf1)
    .constdata                               0x0800319c   Section     7696  oled.o(.constdata)
    x$fpl$usenofp                            0x0800319c   Section        0  usenofp.o(x$fpl$usenofp)
    .constdata                               0x08004fac   Section      148  bigflt0.o(.constdata)
    tenpwrs_x                                0x08004fac   Data          60  bigflt0.o(.constdata)
    tenpwrs_i                                0x08004fe8   Data          64  bigflt0.o(.constdata)
    locale$$data                             0x08005060   Section       28  lc_numeric_c.o(locale$$data)
    __lcnum_c_name                           0x08005064   Data           2  lc_numeric_c.o(locale$$data)
    __lcnum_c_start                          0x0800506c   Data           0  lc_numeric_c.o(locale$$data)
    __lcnum_c_point                          0x08005078   Data           0  lc_numeric_c.o(locale$$data)
    __lcnum_c_thousands                      0x0800507a   Data           0  lc_numeric_c.o(locale$$data)
    __lcnum_c_grouping                       0x0800507b   Data           0  lc_numeric_c.o(locale$$data)
    __lcnum_c_end                            0x0800507c   Data           0  lc_numeric_c.o(locale$$data)
    .data                                    0x20000000   Section       12  main.o(.data)
    .data                                    0x2000000c   Section       12  control.o(.data)
    .data                                    0x20000018   Section       20  kalman.o(.data)
    prevData                                 0x20000018   Data           4  kalman.o(.data)
    p                                        0x2000001c   Data           4  kalman.o(.data)
    q                                        0x20000020   Data           4  kalman.o(.data)
    r                                        0x20000024   Data           4  kalman.o(.data)
    kGain                                    0x20000028   Data           4  kalman.o(.data)
    .data                                    0x2000002c   Section       16  stm32f4xx_rcc.o(.data)
    APBAHBPrescTable                         0x2000002c   Data          16  stm32f4xx_rcc.o(.data)
    .data                                    0x2000003c   Section        8  pidtool.o(.data)
    .data                                    0x20000044   Section       12  servo.o(.data)
    .data                                    0x20000050   Section        4  delay.o(.data)
    fac_us                                   0x20000050   Data           1  delay.o(.data)
    fac_ms                                   0x20000052   Data           2  delay.o(.data)
    .data                                    0x20000054   Section       10  usart.o(.data)
    .bss                                     0x20000060   Section       80  control.o(.bss)
    .bss                                     0x200000b0   Section     1152  oled.o(.bss)
    .bss                                     0x20000530   Section      278  pidtool.o(.bss)
    parser                                   0x20000530   Data          12  pidtool.o(.bss)
    recv_buf                                 0x2000053c   Data         128  pidtool.o(.bss)
    set_packet                               0x2000063c   Data          10  pidtool.o(.bss)
    .bss                                     0x20000646   Section      220  usart.o(.bss)
    .bss                                     0x20000724   Section       96  libspace.o(.bss)
    HEAP                                     0x20000788   Section      512  startup_stm32f40_41xxx.o(HEAP)
    Heap_Mem                                 0x20000788   Data         512  startup_stm32f40_41xxx.o(HEAP)
    STACK                                    0x20000988   Section     4096  startup_stm32f40_41xxx.o(STACK)
    Stack_Mem                                0x20000988   Data        4096  startup_stm32f40_41xxx.o(STACK)
    __initial_sp                             0x20001988   Data           0  startup_stm32f40_41xxx.o(STACK)

    Global Symbols

    Symbol Name                              Value     Ov Type        Size  Object(Section)

    BuildAttributes$$THM_ISAv4$E$P$D$K$B$S$7EM$VFPi3$EXTD16$VFPS$VFMA$PE$A:L22UL41UL21$X:L11$S22US41US21$IEEE1$IW$USESV6$~STKCKD$USESV7$~SHL$OTIME$ROPI$IEEEJ$EBA8$UX$STANDARDLIB$REQ8$PRES8$EABIv2 0x00000000   Number         0  anon$$obj.o ABSOLUTE
    __ARM_use_no_argv                        0x00000000   Number         0  main.o ABSOLUTE
    __ARM_exceptions_init                     - Undefined Weak Reference
    __alloca_initialize                       - Undefined Weak Reference
    __arm_fini_                               - Undefined Weak Reference
    __arm_preinit_                            - Undefined Weak Reference
    __cpp_initialize__aeabi_                  - Undefined Weak Reference
    __cxa_finalize                            - Undefined Weak Reference
    __sigvec_lookup                           - Undefined Weak Reference
    _atexit_init                              - Undefined Weak Reference
    _call_atexit_fns                          - Undefined Weak Reference
    _clock_init                               - Undefined Weak Reference
    _fp_trap_init                             - Undefined Weak Reference
    _fp_trap_shutdown                         - Undefined Weak Reference
    _get_lc_collate                           - Undefined Weak Reference
    _get_lc_ctype                             - Undefined Weak Reference
    _get_lc_monetary                          - Undefined Weak Reference
    _get_lc_time                              - Undefined Weak Reference
    _getenv_init                              - Undefined Weak Reference
    _handle_redirection                       - Undefined Weak Reference
    _init_alloc                               - Undefined Weak Reference
    _init_user_alloc                          - Undefined Weak Reference
    _initio                                   - Undefined Weak Reference
    _mutex_acquire                            - Undefined Weak Reference
    _mutex_release                            - Undefined Weak Reference
    _printf_post_padding                      - Undefined Weak Reference
    _printf_pre_padding                       - Undefined Weak Reference
    _printf_truncate_signed                   - Undefined Weak Reference
    _printf_truncate_unsigned                 - Undefined Weak Reference
    _rand_init                                - Undefined Weak Reference
    _signal_finish                            - Undefined Weak Reference
    _signal_init                              - Undefined Weak Reference
    _terminate_alloc                          - Undefined Weak Reference
    _terminate_user_alloc                     - Undefined Weak Reference
    _terminateio                              - Undefined Weak Reference
    __Vectors_Size                           0x00000188   Number         0  startup_stm32f40_41xxx.o ABSOLUTE
    __Vectors                                0x08000000   Data           4  startup_stm32f40_41xxx.o(RESET)
    __Vectors_End                            0x08000188   Data           0  startup_stm32f40_41xxx.o(RESET)
    __main                                   0x08000189   Thumb Code     8  __main.o(!!!main)
    __scatterload                            0x08000191   Thumb Code     0  __scatter.o(!!!scatter)
    __scatterload_rt2                        0x08000191   Thumb Code    44  __scatter.o(!!!scatter)
    __scatterload_rt2_thumb_only             0x08000191   Thumb Code     0  __scatter.o(!!!scatter)
    __scatterload_null                       0x0800019f   Thumb Code     0  __scatter.o(!!!scatter)
    __scatterload_copy                       0x080001c5   Thumb Code    26  __scatter_copy.o(!!handler_copy)
    __scatterload_zeroinit                   0x080001e1   Thumb Code    28  __scatter_zi.o(!!handler_zi)
    _printf_f                                0x080001fd   Thumb Code     0  _printf_f.o(.ARM.Collect$$_printf_percent$$00000003)
    _printf_percent                          0x080001fd   Thumb Code     0  _printf_percent.o(.ARM.Collect$$_printf_percent$$00000000)
    _printf_d                                0x08000203   Thumb Code     0  _printf_d.o(.ARM.Collect$$_printf_percent$$00000009)
    _printf_percent_end                      0x08000209   Thumb Code     0  _printf_percent_end.o(.ARM.Collect$$_printf_percent$$00000017)
    __rt_lib_init                            0x0800020d   Thumb Code     0  libinit.o(.ARM.Collect$$libinit$$00000000)
    __rt_lib_init_fp_1                       0x0800020f   Thumb Code     0  libinit2.o(.ARM.Collect$$libinit$$00000001)
    __rt_lib_init_heap_1                     0x08000213   Thumb Code     0  libinit2.o(.ARM.Collect$$libinit$$0000000A)
    __rt_lib_init_lc_common                  0x08000213   Thumb Code     0  libinit2.o(.ARM.Collect$$libinit$$0000000F)
    __rt_lib_init_preinit_1                  0x08000213   Thumb Code     0  libinit2.o(.ARM.Collect$$libinit$$00000004)
    __rt_lib_init_rand_1                     0x08000213   Thumb Code     0  libinit2.o(.ARM.Collect$$libinit$$0000000E)
    __rt_lib_init_user_alloc_1               0x08000213   Thumb Code     0  libinit2.o(.ARM.Collect$$libinit$$0000000C)
    __rt_lib_init_lc_collate_1               0x08000219   Thumb Code     0  libinit2.o(.ARM.Collect$$libinit$$00000011)
    __rt_lib_init_lc_ctype_1                 0x08000219   Thumb Code     0  libinit2.o(.ARM.Collect$$libinit$$00000013)
    __rt_lib_init_lc_monetary_1              0x08000219   Thumb Code     0  libinit2.o(.ARM.Collect$$libinit$$00000015)
    __rt_lib_init_lc_numeric_2               0x08000219   Thumb Code     0  libinit2.o(.ARM.Collect$$libinit$$00000016)
    __rt_lib_init_alloca_1                   0x08000223   Thumb Code     0  libinit2.o(.ARM.Collect$$libinit$$0000002E)
    __rt_lib_init_argv_1                     0x08000223   Thumb Code     0  libinit2.o(.ARM.Collect$$libinit$$0000002C)
    __rt_lib_init_atexit_1                   0x08000223   Thumb Code     0  libinit2.o(.ARM.Collect$$libinit$$0000001B)
    __rt_lib_init_clock_1                    0x08000223   Thumb Code     0  libinit2.o(.ARM.Collect$$libinit$$00000021)
    __rt_lib_init_cpp_1                      0x08000223   Thumb Code     0  libinit2.o(.ARM.Collect$$libinit$$00000032)
    __rt_lib_init_exceptions_1               0x08000223   Thumb Code     0  libinit2.o(.ARM.Collect$$libinit$$00000030)
    __rt_lib_init_fp_trap_1                  0x08000223   Thumb Code     0  libinit2.o(.ARM.Collect$$libinit$$0000001F)
    __rt_lib_init_getenv_1                   0x08000223   Thumb Code     0  libinit2.o(.ARM.Collect$$libinit$$00000023)
    __rt_lib_init_lc_numeric_1               0x08000223   Thumb Code     0  libinit2.o(.ARM.Collect$$libinit$$00000017)
    __rt_lib_init_lc_time_1                  0x08000223   Thumb Code     0  libinit2.o(.ARM.Collect$$libinit$$00000019)
    __rt_lib_init_return                     0x08000223   Thumb Code     0  libinit2.o(.ARM.Collect$$libinit$$00000033)
    __rt_lib_init_signal_1                   0x08000223   Thumb Code     0  libinit2.o(.ARM.Collect$$libinit$$0000001D)
    __rt_lib_init_stdio_1                    0x08000223   Thumb Code     0  libinit2.o(.ARM.Collect$$libinit$$00000025)
    __rt_lib_shutdown                        0x08000225   Thumb Code     0  libshutdown.o(.ARM.Collect$$libshutdown$$00000000)
    __rt_lib_shutdown_cpp_1                  0x08000227   Thumb Code     0  libshutdown2.o(.ARM.Collect$$libshutdown$$00000004)
    __rt_lib_shutdown_fini_1                 0x08000227   Thumb Code     0  libshutdown2.o(.ARM.Collect$$libshutdown$$00000002)
    __rt_lib_shutdown_fp_trap_1              0x08000227   Thumb Code     0  libshutdown2.o(.ARM.Collect$$libshutdown$$00000009)
    __rt_lib_shutdown_heap_1                 0x08000227   Thumb Code     0  libshutdown2.o(.ARM.Collect$$libshutdown$$00000011)
    __rt_lib_shutdown_return                 0x08000227   Thumb Code     0  libshutdown2.o(.ARM.Collect$$libshutdown$$00000012)
    __rt_lib_shutdown_signal_1               0x08000227   Thumb Code     0  libshutdown2.o(.ARM.Collect$$libshutdown$$0000000C)
    __rt_lib_shutdown_stdio_1                0x08000227   Thumb Code     0  libshutdown2.o(.ARM.Collect$$libshutdown$$00000006)
    __rt_lib_shutdown_user_alloc_1           0x08000227   Thumb Code     0  libshutdown2.o(.ARM.Collect$$libshutdown$$0000000E)
    __rt_entry                               0x08000229   Thumb Code     0  __rtentry.o(.ARM.Collect$$rtentry$$00000000)
    __rt_entry_presh_1                       0x08000229   Thumb Code     0  __rtentry2.o(.ARM.Collect$$rtentry$$00000002)
    __rt_entry_sh                            0x08000229   Thumb Code     0  __rtentry4.o(.ARM.Collect$$rtentry$$00000004)
    __rt_entry_li                            0x0800022f   Thumb Code     0  __rtentry2.o(.ARM.Collect$$rtentry$$0000000A)
    __rt_entry_postsh_1                      0x0800022f   Thumb Code     0  __rtentry2.o(.ARM.Collect$$rtentry$$00000009)
    __rt_entry_main                          0x08000233   Thumb Code     0  __rtentry2.o(.ARM.Collect$$rtentry$$0000000D)
    __rt_entry_postli_1                      0x08000233   Thumb Code     0  __rtentry2.o(.ARM.Collect$$rtentry$$0000000C)
    __rt_exit                                0x0800023b   Thumb Code     0  rtexit.o(.ARM.Collect$$rtexit$$00000000)
    __rt_exit_ls                             0x0800023d   Thumb Code     0  rtexit2.o(.ARM.Collect$$rtexit$$00000003)
    __rt_exit_prels_1                        0x0800023d   Thumb Code     0  rtexit2.o(.ARM.Collect$$rtexit$$00000002)
    __rt_exit_exit                           0x08000241   Thumb Code     0  rtexit2.o(.ARM.Collect$$rtexit$$00000004)
    Reset_Handler                            0x08000249   Thumb Code     8  startup_stm32f40_41xxx.o(.text)
    ADC_IRQHandler                           0x08000263   Thumb Code     0  startup_stm32f40_41xxx.o(.text)
    CAN1_RX0_IRQHandler                      0x08000263   Thumb Code     0  startup_stm32f40_41xxx.o(.text)
    CAN1_RX1_IRQHandler                      0x08000263   Thumb Code     0  startup_stm32f40_41xxx.o(.text)
    CAN1_SCE_IRQHandler                      0x08000263   Thumb Code     0  startup_stm32f40_41xxx.o(.text)
    CAN1_TX_IRQHandler                       0x08000263   Thumb Code     0  startup_stm32f40_41xxx.o(.text)
    CAN2_RX0_IRQHandler                      0x08000263   Thumb Code     0  startup_stm32f40_41xxx.o(.text)
    CAN2_RX1_IRQHandler                      0x08000263   Thumb Code     0  startup_stm32f40_41xxx.o(.text)
    CAN2_SCE_IRQHandler                      0x08000263   Thumb Code     0  startup_stm32f40_41xxx.o(.text)
    CAN2_TX_IRQHandler                       0x08000263   Thumb Code     0  startup_stm32f40_41xxx.o(.text)
    CRYP_IRQHandler                          0x08000263   Thumb Code     0  startup_stm32f40_41xxx.o(.text)
    DCMI_IRQHandler                          0x08000263   Thumb Code     0  startup_stm32f40_41xxx.o(.text)
    DMA1_Stream0_IRQHandler                  0x08000263   Thumb Code     0  startup_stm32f40_41xxx.o(.text)
    DMA1_Stream1_IRQHandler                  0x08000263   Thumb Code     0  startup_stm32f40_41xxx.o(.text)
    DMA1_Stream2_IRQHandler                  0x08000263   Thumb Code     0  startup_stm32f40_41xxx.o(.text)
    DMA1_Stream3_IRQHandler                  0x08000263   Thumb Code     0  startup_stm32f40_41xxx.o(.text)
    DMA1_Stream4_IRQHandler                  0x08000263   Thumb Code     0  startup_stm32f40_41xxx.o(.text)
    DMA1_Stream5_IRQHandler                  0x08000263   Thumb Code     0  startup_stm32f40_41xxx.o(.text)
    DMA1_Stream6_IRQHandler                  0x08000263   Thumb Code     0  startup_stm32f40_41xxx.o(.text)
    DMA1_Stream7_IRQHandler                  0x08000263   Thumb Code     0  startup_stm32f40_41xxx.o(.text)
    DMA2_Stream0_IRQHandler                  0x08000263   Thumb Code     0  startup_stm32f40_41xxx.o(.text)
    DMA2_Stream1_IRQHandler                  0x08000263   Thumb Code     0  startup_stm32f40_41xxx.o(.text)
    DMA2_Stream2_IRQHandler                  0x08000263   Thumb Code     0  startup_stm32f40_41xxx.o(.text)
    DMA2_Stream3_IRQHandler                  0x08000263   Thumb Code     0  startup_stm32f40_41xxx.o(.text)
    DMA2_Stream4_IRQHandler                  0x08000263   Thumb Code     0  startup_stm32f40_41xxx.o(.text)
    DMA2_Stream5_IRQHandler                  0x08000263   Thumb Code     0  startup_stm32f40_41xxx.o(.text)
    DMA2_Stream6_IRQHandler                  0x08000263   Thumb Code     0  startup_stm32f40_41xxx.o(.text)
    DMA2_Stream7_IRQHandler                  0x08000263   Thumb Code     0  startup_stm32f40_41xxx.o(.text)
    ETH_IRQHandler                           0x08000263   Thumb Code     0  startup_stm32f40_41xxx.o(.text)
    ETH_WKUP_IRQHandler                      0x08000263   Thumb Code     0  startup_stm32f40_41xxx.o(.text)
    EXTI0_IRQHandler                         0x08000263   Thumb Code     0  startup_stm32f40_41xxx.o(.text)
    EXTI15_10_IRQHandler                     0x08000263   Thumb Code     0  startup_stm32f40_41xxx.o(.text)
    EXTI1_IRQHandler                         0x08000263   Thumb Code     0  startup_stm32f40_41xxx.o(.text)
    EXTI2_IRQHandler                         0x08000263   Thumb Code     0  startup_stm32f40_41xxx.o(.text)
    EXTI3_IRQHandler                         0x08000263   Thumb Code     0  startup_stm32f40_41xxx.o(.text)
    EXTI4_IRQHandler                         0x08000263   Thumb Code     0  startup_stm32f40_41xxx.o(.text)
    EXTI9_5_IRQHandler                       0x08000263   Thumb Code     0  startup_stm32f40_41xxx.o(.text)
    FLASH_IRQHandler                         0x08000263   Thumb Code     0  startup_stm32f40_41xxx.o(.text)
    FPU_IRQHandler                           0x08000263   Thumb Code     0  startup_stm32f40_41xxx.o(.text)
    FSMC_IRQHandler                          0x08000263   Thumb Code     0  startup_stm32f40_41xxx.o(.text)
    HASH_RNG_IRQHandler                      0x08000263   Thumb Code     0  startup_stm32f40_41xxx.o(.text)
    I2C1_ER_IRQHandler                       0x08000263   Thumb Code     0  startup_stm32f40_41xxx.o(.text)
    I2C1_EV_IRQHandler                       0x08000263   Thumb Code     0  startup_stm32f40_41xxx.o(.text)
    I2C2_ER_IRQHandler                       0x08000263   Thumb Code     0  startup_stm32f40_41xxx.o(.text)
    I2C2_EV_IRQHandler                       0x08000263   Thumb Code     0  startup_stm32f40_41xxx.o(.text)
    I2C3_ER_IRQHandler                       0x08000263   Thumb Code     0  startup_stm32f40_41xxx.o(.text)
    I2C3_EV_IRQHandler                       0x08000263   Thumb Code     0  startup_stm32f40_41xxx.o(.text)
    OTG_FS_IRQHandler                        0x08000263   Thumb Code     0  startup_stm32f40_41xxx.o(.text)
    OTG_FS_WKUP_IRQHandler                   0x08000263   Thumb Code     0  startup_stm32f40_41xxx.o(.text)
    OTG_HS_EP1_IN_IRQHandler                 0x08000263   Thumb Code     0  startup_stm32f40_41xxx.o(.text)
    OTG_HS_EP1_OUT_IRQHandler                0x08000263   Thumb Code     0  startup_stm32f40_41xxx.o(.text)
    OTG_HS_IRQHandler                        0x08000263   Thumb Code     0  startup_stm32f40_41xxx.o(.text)
    OTG_HS_WKUP_IRQHandler                   0x08000263   Thumb Code     0  startup_stm32f40_41xxx.o(.text)
    PVD_IRQHandler                           0x08000263   Thumb Code     0  startup_stm32f40_41xxx.o(.text)
    RCC_IRQHandler                           0x08000263   Thumb Code     0  startup_stm32f40_41xxx.o(.text)
    RTC_Alarm_IRQHandler                     0x08000263   Thumb Code     0  startup_stm32f40_41xxx.o(.text)
    RTC_WKUP_IRQHandler                      0x08000263   Thumb Code     0  startup_stm32f40_41xxx.o(.text)
    SDIO_IRQHandler                          0x08000263   Thumb Code     0  startup_stm32f40_41xxx.o(.text)
    SPI1_IRQHandler                          0x08000263   Thumb Code     0  startup_stm32f40_41xxx.o(.text)
    SPI2_IRQHandler                          0x08000263   Thumb Code     0  startup_stm32f40_41xxx.o(.text)
    SPI3_IRQHandler                          0x08000263   Thumb Code     0  startup_stm32f40_41xxx.o(.text)
    TAMP_STAMP_IRQHandler                    0x08000263   Thumb Code     0  startup_stm32f40_41xxx.o(.text)
    TIM1_BRK_TIM9_IRQHandler                 0x08000263   Thumb Code     0  startup_stm32f40_41xxx.o(.text)
    TIM1_CC_IRQHandler                       0x08000263   Thumb Code     0  startup_stm32f40_41xxx.o(.text)
    TIM1_TRG_COM_TIM11_IRQHandler            0x08000263   Thumb Code     0  startup_stm32f40_41xxx.o(.text)
    TIM4_IRQHandler                          0x08000263   Thumb Code     0  startup_stm32f40_41xxx.o(.text)
    TIM5_IRQHandler                          0x08000263   Thumb Code     0  startup_stm32f40_41xxx.o(.text)
    TIM6_DAC_IRQHandler                      0x08000263   Thumb Code     0  startup_stm32f40_41xxx.o(.text)
    TIM7_IRQHandler                          0x08000263   Thumb Code     0  startup_stm32f40_41xxx.o(.text)
    TIM8_BRK_TIM12_IRQHandler                0x08000263   Thumb Code     0  startup_stm32f40_41xxx.o(.text)
    TIM8_CC_IRQHandler                       0x08000263   Thumb Code     0  startup_stm32f40_41xxx.o(.text)
    TIM8_TRG_COM_TIM14_IRQHandler            0x08000263   Thumb Code     0  startup_stm32f40_41xxx.o(.text)
    TIM8_UP_TIM13_IRQHandler                 0x08000263   Thumb Code     0  startup_stm32f40_41xxx.o(.text)
    UART4_IRQHandler                         0x08000263   Thumb Code     0  startup_stm32f40_41xxx.o(.text)
    UART5_IRQHandler                         0x08000263   Thumb Code     0  startup_stm32f40_41xxx.o(.text)
    USART3_IRQHandler                        0x08000263   Thumb Code     0  startup_stm32f40_41xxx.o(.text)
    USART6_IRQHandler                        0x08000263   Thumb Code     0  startup_stm32f40_41xxx.o(.text)
    WWDG_IRQHandler                          0x08000263   Thumb Code     0  startup_stm32f40_41xxx.o(.text)
    __user_initial_stackheap                 0x08000265   Thumb Code     0  startup_stm32f40_41xxx.o(.text)
    __use_no_semihosting                     0x08000289   Thumb Code     2  use_no_semi_2.o(.text)
    __2printf                                0x0800028d   Thumb Code    20  noretval__2printf.o(.text)
    __printf                                 0x080002a5   Thumb Code   104  __printf.o(.text)
    _printf_int_dec                          0x0800030d   Thumb Code   104  _printf_dec.o(.text)
    __aeabi_memcpy                           0x08000385   Thumb Code     0  rt_memcpy_v6.o(.text)
    __rt_memcpy                              0x08000385   Thumb Code   138  rt_memcpy_v6.o(.text)
    _memcpy_lastbytes                        0x080003eb   Thumb Code     0  rt_memcpy_v6.o(.text)
    __aeabi_memcpy4                          0x0800040f   Thumb Code     0  rt_memcpy_w.o(.text)
    __aeabi_memcpy8                          0x0800040f   Thumb Code     0  rt_memcpy_w.o(.text)
    __rt_memcpy_w                            0x0800040f   Thumb Code   100  rt_memcpy_w.o(.text)
    _memcpy_lastbytes_aligned                0x08000457   Thumb Code     0  rt_memcpy_w.o(.text)
    __aeabi_memclr4                          0x08000473   Thumb Code     0  rt_memclr_w.o(.text)
    __aeabi_memclr8                          0x08000473   Thumb Code     0  rt_memclr_w.o(.text)
    __rt_memclr_w                            0x08000473   Thumb Code    78  rt_memclr_w.o(.text)
    _memset_w                                0x08000477   Thumb Code     0  rt_memclr_w.o(.text)
    __use_two_region_memory                  0x080004c1   Thumb Code     2  heapauxi.o(.text)
    __rt_heap_escrow$2region                 0x080004c3   Thumb Code     2  heapauxi.o(.text)
    __rt_heap_expand$2region                 0x080004c5   Thumb Code     2  heapauxi.o(.text)
    __I$use$semihosting                      0x080004c7   Thumb Code     0  use_no_semi.o(.text)
    __use_no_semihosting_swi                 0x080004c7   Thumb Code     2  use_no_semi.o(.text)
    _printf_int_common                       0x080004c9   Thumb Code   178  _printf_intcommon.o(.text)
    __lib_sel_fp_printf                      0x0800057b   Thumb Code     2  _printf_fp_dec.o(.text)
    _printf_fp_dec_real                      0x0800072d   Thumb Code   620  _printf_fp_dec.o(.text)
    _printf_char_file                        0x08000999   Thumb Code    32  _printf_char_file.o(.text)
    __rt_locale                              0x080009bd   Thumb Code     8  rt_locale_intlibspace.o(.text)
    _ll_udiv10                               0x080009c5   Thumb Code   138  lludiv10.o(.text)
    _printf_char_common                      0x08000a5b   Thumb Code    32  _printf_char_common.o(.text)
    _printf_fp_infnan                        0x08000a81   Thumb Code   112  _printf_fp_infnan.o(.text)
    _btod_etento                             0x08000b01   Thumb Code   224  bigflt0.o(.text)
    ferror                                   0x08000be5   Thumb Code     8  ferror.o(.text)
    __user_libspace                          0x08000bed   Thumb Code     8  libspace.o(.text)
    __user_perproc_libspace                  0x08000bed   Thumb Code     0  libspace.o(.text)
    __user_perthread_libspace                0x08000bed   Thumb Code     0  libspace.o(.text)
    __user_setup_stackheap                   0x08000bf5   Thumb Code    74  sys_stackheap_outer.o(.text)
    exit                                     0x08000c3f   Thumb Code    18  exit.o(.text)
    strcmp                                   0x08000c51   Thumb Code   128  strcmpv7m.o(.text)
    _btod_d2e                                0x08000cd1   Thumb Code    62  btod.o(CL$$btod_d2e)
    _d2e_denorm_low                          0x08000d0f   Thumb Code    70  btod.o(CL$$btod_d2e_denorm_low)
    _d2e_norm_op1                            0x08000d55   Thumb Code    96  btod.o(CL$$btod_d2e_norm_op1)
    __btod_div_common                        0x08000db5   Thumb Code   696  btod.o(CL$$btod_div_common)
    _e2e                                     0x080010ed   Thumb Code   220  btod.o(CL$$btod_e2e)
    _btod_ediv                               0x080011c9   Thumb Code    42  btod.o(CL$$btod_ediv)
    _btod_emul                               0x080011f3   Thumb Code    42  btod.o(CL$$btod_emul)
    __btod_mult_common                       0x0800121d   Thumb Code   580  btod.o(CL$$btod_mult_common)
    BusFault_Handler                         0x08001461   Thumb Code     4  stm32f4xx_it.o(i.BusFault_Handler)
    DebugMon_Handler                         0x08001465   Thumb Code     2  stm32f4xx_it.o(i.DebugMon_Handler)
    GPIO_Init                                0x08001467   Thumb Code   144  stm32f4xx_gpio.o(i.GPIO_Init)
    GPIO_PinAFConfig                         0x080014f7   Thumb Code    70  stm32f4xx_gpio.o(i.GPIO_PinAFConfig)
    GPIO_ResetBits                           0x0800153d   Thumb Code     6  stm32f4xx_gpio.o(i.GPIO_ResetBits)
    GPIO_SetBits                             0x08001543   Thumb Code     4  stm32f4xx_gpio.o(i.GPIO_SetBits)
    HardFault_Handler                        0x08001547   Thumb Code     4  stm32f4xx_it.o(i.HardFault_Handler)
    KEY_Init                                 0x0800154d   Thumb Code    66  key.o(i.KEY_Init)
    LED_Init                                 0x08001599   Thumb Code    60  led.o(i.LED_Init)
    MemManage_Handler                        0x080015d9   Thumb Code     4  stm32f4xx_it.o(i.MemManage_Handler)
    NMI_Handler                              0x080015dd   Thumb Code     2  stm32f4xx_it.o(i.NMI_Handler)
    NVIC_Init                                0x080015e1   Thumb Code   106  misc.o(i.NVIC_Init)
    NVIC_PriorityGroupConfig                 0x08001659   Thumb Code    10  misc.o(i.NVIC_PriorityGroupConfig)
    OLED_Clear                               0x0800166d   Thumb Code    42  oled.o(i.OLED_Clear)
    OLED_DrawPoint                           0x0800169d   Thumb Code   114  oled.o(i.OLED_DrawPoint)
    OLED_Init                                0x08001715   Thumb Code   352  oled.o(i.OLED_Init)
    OLED_Refresh                             0x0800187d   Thumb Code    70  oled.o(i.OLED_Refresh)
    OLED_ShowChar                            0x080018c9   Thumb Code   300  oled.o(i.OLED_ShowChar)
    OLED_ShowString                          0x08001a05   Thumb Code    78  oled.o(i.OLED_ShowString)
    OLED_WR_Byte                             0x08001a55   Thumb Code   126  oled.o(i.OLED_WR_Byte)
    PID_Calculate                            0x08001add   Thumb Code   152  pid.o(i.PID_Calculate)
    PID_TimerInit                            0x08001b7d   Thumb Code    80  pid.o(i.PID_TimerInit)
    PID_param_init                           0x08001bd1   Thumb Code    82  pid.o(i.PID_param_init)
    PWR_WakeUpPinCmd                         0x08001c29   Thumb Code     6  stm32f4xx_pwr.o(i.PWR_WakeUpPinCmd)
    PendSV_Handler                           0x08001c35   Thumb Code     2  stm32f4xx_it.o(i.PendSV_Handler)
    RCC_AHB1PeriphClockCmd                   0x08001c39   Thumb Code    26  stm32f4xx_rcc.o(i.RCC_AHB1PeriphClockCmd)
    RCC_APB1PeriphClockCmd                   0x08001c59   Thumb Code    26  stm32f4xx_rcc.o(i.RCC_APB1PeriphClockCmd)
    RCC_APB2PeriphClockCmd                   0x08001c79   Thumb Code    26  stm32f4xx_rcc.o(i.RCC_APB2PeriphClockCmd)
    RCC_GetClocksFreq                        0x08001c99   Thumb Code   214  stm32f4xx_rcc.o(i.RCC_GetClocksFreq)
    SVC_Handler                              0x08001d81   Thumb Code     2  stm32f4xx_it.o(i.SVC_Handler)
    SysTick_CLKSourceConfig                  0x08001e71   Thumb Code    40  misc.o(i.SysTick_CLKSourceConfig)
    SysTick_Handler                          0x08001e99   Thumb Code     2  stm32f4xx_it.o(i.SysTick_Handler)
    SystemInit                               0x08001e9d   Thumb Code    88  system_stm32f4xx.o(i.SystemInit)
    TIM1_UP_TIM10_IRQHandler                 0x08001f05   Thumb Code    42  control.o(i.TIM1_UP_TIM10_IRQHandler)
    TIM2_IRQHandler                          0x08001f3d   Thumb Code    34  servo.o(i.TIM2_IRQHandler)
    TIM3_IRQHandler                          0x08001f69   Thumb Code    20  timer.o(i.TIM3_IRQHandler)
    TIM_ClearITPendingBit                    0x08001f81   Thumb Code     6  stm32f4xx_tim.o(i.TIM_ClearITPendingBit)
    TIM_Cmd                                  0x08001f87   Thumb Code    24  stm32f4xx_tim.o(i.TIM_Cmd)
    TIM_GetITStatus                          0x08001f9f   Thumb Code    34  stm32f4xx_tim.o(i.TIM_GetITStatus)
    TIM_ITConfig                             0x08001fc1   Thumb Code    18  stm32f4xx_tim.o(i.TIM_ITConfig)
    TIM_OC1Init                              0x08001fd5   Thumb Code   114  stm32f4xx_tim.o(i.TIM_OC1Init)
    TIM_OC1PreloadConfig                     0x08002051   Thumb Code    18  stm32f4xx_tim.o(i.TIM_OC1PreloadConfig)
    TIM_OC2Init                              0x08002065   Thumb Code   154  stm32f4xx_tim.o(i.TIM_OC2Init)
    TIM_OC2PreloadConfig                     0x08002109   Thumb Code    26  stm32f4xx_tim.o(i.TIM_OC2PreloadConfig)
    TIM_SetAutoreload                        0x08002123   Thumb Code     4  stm32f4xx_tim.o(i.TIM_SetAutoreload)
    TIM_SetCompare1                          0x08002127   Thumb Code     4  stm32f4xx_tim.o(i.TIM_SetCompare1)
    TIM_SetCompare2                          0x0800212b   Thumb Code     4  stm32f4xx_tim.o(i.TIM_SetCompare2)
    TIM_TimeBaseInit                         0x08002131   Thumb Code   104  stm32f4xx_tim.o(i.TIM_TimeBaseInit)
    USART1_IRQHandler                        0x080021b5   Thumb Code   126  pidtool.o(i.USART1_IRQHandler)
    USART2_IRQHandler                        0x08002245   Thumb Code   270  usart.o(i.USART2_IRQHandler)
    USART_ClearFlag                          0x08002365   Thumb Code    18  stm32f4xx_usart.o(i.USART_ClearFlag)
    USART_ClearITPendingBit                  0x08002377   Thumb Code    30  stm32f4xx_usart.o(i.USART_ClearITPendingBit)
    USART_Cmd                                0x08002395   Thumb Code    24  stm32f4xx_usart.o(i.USART_Cmd)
    USART_GetITStatus                        0x080023ad   Thumb Code    84  stm32f4xx_usart.o(i.USART_GetITStatus)
    USART_ITConfig                           0x08002401   Thumb Code    74  stm32f4xx_usart.o(i.USART_ITConfig)
    USART_Init                               0x0800244d   Thumb Code   204  stm32f4xx_usart.o(i.USART_Init)
    USART_ReceiveData                        0x08002521   Thumb Code    10  stm32f4xx_usart.o(i.USART_ReceiveData)
    UsageFault_Handler                       0x0800252b   Thumb Code     4  stm32f4xx_it.o(i.UsageFault_Handler)
    __ARM_fpclassify                         0x0800252f   Thumb Code    48  fpclassify.o(i.__ARM_fpclassify)
    _sys_exit                                0x0800255f   Thumb Code     4  usart.o(i._sys_exit)
    check_sum                                0x08002563   Thumb Code    28  pidtool.o(i.check_sum)
    decode_uartData                          0x08002581   Thumb Code    66  usart.o(i.decode_uartData)
    delay_init                               0x080025d1   Thumb Code    52  delay.o(i.delay_init)
    delay_ms                                 0x0800260d   Thumb Code    56  delay.o(i.delay_ms)
    delay_xms                                0x08002645   Thumb Code    72  delay.o(i.delay_xms)
    fputc                                    0x08002691   Thumb Code    22  usart.o(i.fputc)
    kalmanFilter_A                           0x08002709   Thumb Code   114  kalman.o(i.kalmanFilter_A)
    main                                     0x08002791   Thumb Code   316  main.o(i.main)
    mode_1                                   0x0800291d   Thumb Code    42  control.o(i.mode_1)
    protocol_data_recv                       0x0800295d   Thumb Code    46  pidtool.o(i.protocol_data_recv)
    protocol_init                            0x08002b51   Thumb Code    20  pidtool.o(i.protocol_init)
    receiving_process                        0x08002b6d   Thumb Code   268  pidtool.o(i.receiving_process)
    servo_ctr                                0x08002d61   Thumb Code    78  servo.o(i.servo_ctr)
    servo_init                               0x08002db5   Thumb Code   238  servo.o(i.servo_init)
    set_p_i_d                                0x08002ea9   Thumb Code    66  pid.o(i.set_p_i_d)
    set_pid_polarity                         0x08002eeb   Thumb Code    12  pid.o(i.set_pid_polarity)
    set_pid_target                           0x08002ef7   Thumb Code     6  pid.o(i.set_pid_target)
    uart2_v831_init                          0x08002efd   Thumb Code   170  usart.o(i.uart2_v831_init)
    uart_init                                0x08002fb1   Thumb Code   186  usart.o(i.uart_init)
    _get_lc_numeric                          0x08003075   Thumb Code    44  lc_numeric_c.o(locale$$code)
    __fpl_dretinf                            0x080030a1   Thumb Code    12  dretinf.o(x$fpl$dretinf)
    __aeabi_f2d                              0x080030ad   Thumb Code     0  f2d.o(x$fpl$f2d)
    _f2d                                     0x080030ad   Thumb Code    86  f2d.o(x$fpl$f2d)
    __fpl_fnaninf                            0x08003103   Thumb Code   140  fnaninf.o(x$fpl$fnaninf)
    _fp_init                                 0x0800318f   Thumb Code    10  fpinit.o(x$fpl$fpinit)
    __fplib_config_fpu_vfp                   0x08003197   Thumb Code     0  fpinit.o(x$fpl$fpinit)
    __fplib_config_pureend_doubles           0x08003197   Thumb Code     0  fpinit.o(x$fpl$fpinit)
    _printf_fp_dec                           0x08003199   Thumb Code     4  printf1.o(x$fpl$printf1)
    __I$use$fp                               0x0800319c   Number         0  usenofp.o(x$fpl$usenofp)
    asc2_0806                                0x0800319c   Data         552  oled.o(.constdata)
    asc2_1206                                0x080033c4   Data        1140  oled.o(.constdata)
    asc2_1608                                0x08003838   Data        1520  oled.o(.constdata)
    asc2_2412                                0x08003e28   Data        3420  oled.o(.constdata)
    Hzk1                                     0x08004b84   Data         352  oled.o(.constdata)
    Hzk2                                     0x08004ce4   Data          72  oled.o(.constdata)
    Hzk3                                     0x08004d2c   Data         128  oled.o(.constdata)
    Hzk4                                     0x08004dac   Data         512  oled.o(.constdata)
    Region$$Table$$Base                      0x08005040   Number         0  anon$$obj.o(Region$$Table)
    Region$$Table$$Limit                     0x08005060   Number         0  anon$$obj.o(Region$$Table)
    x                                        0x20000000   Data           1  main.o(.data)
    y                                        0x20000001   Data           1  main.o(.data)
    after_kalman_x                           0x20000004   Data           4  main.o(.data)
    after_kalman_y                           0x20000008   Data           4  main.o(.data)
    RecCoorFlag                              0x2000000c   Data           1  control.o(.data)
    mode_task                                0x20000010   Data           4  control.o(.data)
    PidOut                                   0x20000014   Data           4  control.o(.data)
    rx_cnt                                   0x2000003c   Data           1  pidtool.o(.data)
    sizecopy                                 0x20000040   Data           4  pidtool.o(.data)
    Xserv                                    0x20000044   Data           6  servo.o(.data)
    Yserv                                    0x2000004a   Data           6  servo.o(.data)
    rcvUartCount                             0x20000054   Data           1  usart.o(.data)
    revOkFlg                                 0x20000055   Data           1  usart.o(.data)
    __stdout                                 0x20000058   Data           4  usart.o(.data)
    USART_RX_STA                             0x2000005c   Data           2  usart.o(.data)
    x_pid                                    0x20000060   Data          40  control.o(.bss)
    y_pid                                    0x20000088   Data          40  control.o(.bss)
    OLED_GRAM                                0x200000b0   Data        1152  oled.o(.bss)
    Recv1                                    0x200005bc   Data         128  pidtool.o(.bss)
    rcvUartdata                              0x20000646   Data          20  usart.o(.bss)
    USART_RX_BUF                             0x2000065a   Data         200  usart.o(.bss)
    __libspace_start                         0x20000724   Data          96  libspace.o(.bss)
    __temporary_stack_top$libspace           0x20000784   Data           0  libspace.o(.bss)



==============================================================================

Memory Map of the image

  Image Entry point : 0x08000189

  Load Region LR_IROM1 (Base: 0x08000000, Size: 0x000050dc, Max: 0x00100000, ABSOLUTE)

    Execution Region ER_IROM1 (Exec base: 0x08000000, Load base: 0x08000000, Size: 0x0000507c, Max: 0x00100000, ABSOLUTE)

    Exec Addr    Load Addr    Size         Type   Attr      Idx    E Section Name        Object

    0x08000000   0x08000000   0x00000188   Data   RO         5660    RESET               startup_stm32f40_41xxx.o
    0x08000188   0x08000188   0x00000008   Code   RO         5885  * !!!main             c_w.l(__main.o)
    0x08000190   0x08000190   0x00000034   Code   RO         6109    !!!scatter          c_w.l(__scatter.o)
    0x080001c4   0x080001c4   0x0000001a   Code   RO         6111    !!handler_copy      c_w.l(__scatter_copy.o)
    0x080001de   0x080001de   0x00000002   PAD
    0x080001e0   0x080001e0   0x0000001c   Code   RO         6113    !!handler_zi        c_w.l(__scatter_zi.o)
    0x080001fc   0x080001fc   0x00000000   Code   RO         5876    .ARM.Collect$$_printf_percent$$00000000  c_w.l(_printf_percent.o)
    0x080001fc   0x080001fc   0x00000006   Code   RO         5875    .ARM.Collect$$_printf_percent$$00000003  c_w.l(_printf_f.o)
    0x08000202   0x08000202   0x00000006   Code   RO         5874    .ARM.Collect$$_printf_percent$$00000009  c_w.l(_printf_d.o)
    0x08000208   0x08000208   0x00000004   Code   RO         5900    .ARM.Collect$$_printf_percent$$00000017  c_w.l(_printf_percent_end.o)
    0x0800020c   0x0800020c   0x00000002   Code   RO         5984    .ARM.Collect$$libinit$$00000000  c_w.l(libinit.o)
    0x0800020e   0x0800020e   0x00000004   Code   RO         5985    .ARM.Collect$$libinit$$00000001  c_w.l(libinit2.o)
    0x08000212   0x08000212   0x00000000   Code   RO         5988    .ARM.Collect$$libinit$$00000004  c_w.l(libinit2.o)
    0x08000212   0x08000212   0x00000000   Code   RO         5991    .ARM.Collect$$libinit$$0000000A  c_w.l(libinit2.o)
    0x08000212   0x08000212   0x00000000   Code   RO         5993    .ARM.Collect$$libinit$$0000000C  c_w.l(libinit2.o)
    0x08000212   0x08000212   0x00000000   Code   RO         5995    .ARM.Collect$$libinit$$0000000E  c_w.l(libinit2.o)
    0x08000212   0x08000212   0x00000006   Code   RO         5996    .ARM.Collect$$libinit$$0000000F  c_w.l(libinit2.o)
    0x08000218   0x08000218   0x00000000   Code   RO         5998    .ARM.Collect$$libinit$$00000011  c_w.l(libinit2.o)
    0x08000218   0x08000218   0x00000000   Code   RO         6000    .ARM.Collect$$libinit$$00000013  c_w.l(libinit2.o)
    0x08000218   0x08000218   0x00000000   Code   RO         6002    .ARM.Collect$$libinit$$00000015  c_w.l(libinit2.o)
    0x08000218   0x08000218   0x0000000a   Code   RO         6003    .ARM.Collect$$libinit$$00000016  c_w.l(libinit2.o)
    0x08000222   0x08000222   0x00000000   Code   RO         6004    .ARM.Collect$$libinit$$00000017  c_w.l(libinit2.o)
    0x08000222   0x08000222   0x00000000   Code   RO         6006    .ARM.Collect$$libinit$$00000019  c_w.l(libinit2.o)
    0x08000222   0x08000222   0x00000000   Code   RO         6008    .ARM.Collect$$libinit$$0000001B  c_w.l(libinit2.o)
    0x08000222   0x08000222   0x00000000   Code   RO         6010    .ARM.Collect$$libinit$$0000001D  c_w.l(libinit2.o)
    0x08000222   0x08000222   0x00000000   Code   RO         6012    .ARM.Collect$$libinit$$0000001F  c_w.l(libinit2.o)
    0x08000222   0x08000222   0x00000000   Code   RO         6014    .ARM.Collect$$libinit$$00000021  c_w.l(libinit2.o)
    0x08000222   0x08000222   0x00000000   Code   RO         6016    .ARM.Collect$$libinit$$00000023  c_w.l(libinit2.o)
    0x08000222   0x08000222   0x00000000   Code   RO         6018    .ARM.Collect$$libinit$$00000025  c_w.l(libinit2.o)
    0x08000222   0x08000222   0x00000000   Code   RO         6022    .ARM.Collect$$libinit$$0000002C  c_w.l(libinit2.o)
    0x08000222   0x08000222   0x00000000   Code   RO         6024    .ARM.Collect$$libinit$$0000002E  c_w.l(libinit2.o)
    0x08000222   0x08000222   0x00000000   Code   RO         6026    .ARM.Collect$$libinit$$00000030  c_w.l(libinit2.o)
    0x08000222   0x08000222   0x00000000   Code   RO         6028    .ARM.Collect$$libinit$$00000032  c_w.l(libinit2.o)
    0x08000222   0x08000222   0x00000002   Code   RO         6029    .ARM.Collect$$libinit$$00000033  c_w.l(libinit2.o)
    0x08000224   0x08000224   0x00000002   Code   RO         6057    .ARM.Collect$$libshutdown$$00000000  c_w.l(libshutdown.o)
    0x08000226   0x08000226   0x00000000   Code   RO         6066    .ARM.Collect$$libshutdown$$00000002  c_w.l(libshutdown2.o)
    0x08000226   0x08000226   0x00000000   Code   RO         6068    .ARM.Collect$$libshutdown$$00000004  c_w.l(libshutdown2.o)
    0x08000226   0x08000226   0x00000000   Code   RO         6070    .ARM.Collect$$libshutdown$$00000006  c_w.l(libshutdown2.o)
    0x08000226   0x08000226   0x00000000   Code   RO         6073    .ARM.Collect$$libshutdown$$00000009  c_w.l(libshutdown2.o)
    0x08000226   0x08000226   0x00000000   Code   RO         6076    .ARM.Collect$$libshutdown$$0000000C  c_w.l(libshutdown2.o)
    0x08000226   0x08000226   0x00000000   Code   RO         6078    .ARM.Collect$$libshutdown$$0000000E  c_w.l(libshutdown2.o)
    0x08000226   0x08000226   0x00000000   Code   RO         6081    .ARM.Collect$$libshutdown$$00000011  c_w.l(libshutdown2.o)
    0x08000226   0x08000226   0x00000002   Code   RO         6082    .ARM.Collect$$libshutdown$$00000012  c_w.l(libshutdown2.o)
    0x08000228   0x08000228   0x00000000   Code   RO         5893    .ARM.Collect$$rtentry$$00000000  c_w.l(__rtentry.o)
    0x08000228   0x08000228   0x00000000   Code   RO         5907    .ARM.Collect$$rtentry$$00000002  c_w.l(__rtentry2.o)
    0x08000228   0x08000228   0x00000006   Code   RO         5919    .ARM.Collect$$rtentry$$00000004  c_w.l(__rtentry4.o)
    0x0800022e   0x0800022e   0x00000000   Code   RO         5909    .ARM.Collect$$rtentry$$00000009  c_w.l(__rtentry2.o)
    0x0800022e   0x0800022e   0x00000004   Code   RO         5910    .ARM.Collect$$rtentry$$0000000A  c_w.l(__rtentry2.o)
    0x08000232   0x08000232   0x00000000   Code   RO         5912    .ARM.Collect$$rtentry$$0000000C  c_w.l(__rtentry2.o)
    0x08000232   0x08000232   0x00000008   Code   RO         5913    .ARM.Collect$$rtentry$$0000000D  c_w.l(__rtentry2.o)
    0x0800023a   0x0800023a   0x00000002   Code   RO         6030    .ARM.Collect$$rtexit$$00000000  c_w.l(rtexit.o)
    0x0800023c   0x0800023c   0x00000000   Code   RO         6037    .ARM.Collect$$rtexit$$00000002  c_w.l(rtexit2.o)
    0x0800023c   0x0800023c   0x00000004   Code   RO         6038    .ARM.Collect$$rtexit$$00000003  c_w.l(rtexit2.o)
    0x08000240   0x08000240   0x00000006   Code   RO         6039    .ARM.Collect$$rtexit$$00000004  c_w.l(rtexit2.o)
    0x08000246   0x08000246   0x00000002   PAD
    0x08000248   0x08000248   0x00000040   Code   RO         5661    .text               startup_stm32f40_41xxx.o
    0x08000288   0x08000288   0x00000002   Code   RO         5844    .text               c_w.l(use_no_semi_2.o)
    0x0800028a   0x0800028a   0x00000002   PAD
    0x0800028c   0x0800028c   0x00000018   Code   RO         5848    .text               c_w.l(noretval__2printf.o)
    0x080002a4   0x080002a4   0x00000068   Code   RO         5850    .text               c_w.l(__printf.o)
    0x0800030c   0x0800030c   0x00000078   Code   RO         5852    .text               c_w.l(_printf_dec.o)
    0x08000384   0x08000384   0x0000008a   Code   RO         5877    .text               c_w.l(rt_memcpy_v6.o)
    0x0800040e   0x0800040e   0x00000064   Code   RO         5879    .text               c_w.l(rt_memcpy_w.o)
    0x08000472   0x08000472   0x0000004e   Code   RO         5881    .text               c_w.l(rt_memclr_w.o)
    0x080004c0   0x080004c0   0x00000006   Code   RO         5883    .text               c_w.l(heapauxi.o)
    0x080004c6   0x080004c6   0x00000002   Code   RO         5891    .text               c_w.l(use_no_semi.o)
    0x080004c8   0x080004c8   0x000000b2   Code   RO         5894    .text               c_w.l(_printf_intcommon.o)
    0x0800057a   0x0800057a   0x0000041e   Code   RO         5896    .text               c_w.l(_printf_fp_dec.o)
    0x08000998   0x08000998   0x00000024   Code   RO         5898    .text               c_w.l(_printf_char_file.o)
    0x080009bc   0x080009bc   0x00000008   Code   RO         5924    .text               c_w.l(rt_locale_intlibspace.o)
    0x080009c4   0x080009c4   0x0000008a   Code   RO         5926    .text               c_w.l(lludiv10.o)
    0x08000a4e   0x08000a4e   0x00000002   PAD
    0x08000a50   0x08000a50   0x00000030   Code   RO         5928    .text               c_w.l(_printf_char_common.o)
    0x08000a80   0x08000a80   0x00000080   Code   RO         5930    .text               c_w.l(_printf_fp_infnan.o)
    0x08000b00   0x08000b00   0x000000e4   Code   RO         5932    .text               c_w.l(bigflt0.o)
    0x08000be4   0x08000be4   0x00000008   Code   RO         5957    .text               c_w.l(ferror.o)
    0x08000bec   0x08000bec   0x00000008   Code   RO         5968    .text               c_w.l(libspace.o)
    0x08000bf4   0x08000bf4   0x0000004a   Code   RO         5971    .text               c_w.l(sys_stackheap_outer.o)
    0x08000c3e   0x08000c3e   0x00000012   Code   RO         5975    .text               c_w.l(exit.o)
    0x08000c50   0x08000c50   0x00000080   Code   RO         5977    .text               c_w.l(strcmpv7m.o)
    0x08000cd0   0x08000cd0   0x0000003e   Code   RO         5935    CL$$btod_d2e        c_w.l(btod.o)
    0x08000d0e   0x08000d0e   0x00000046   Code   RO         5937    CL$$btod_d2e_denorm_low  c_w.l(btod.o)
    0x08000d54   0x08000d54   0x00000060   Code   RO         5936    CL$$btod_d2e_norm_op1  c_w.l(btod.o)
    0x08000db4   0x08000db4   0x00000338   Code   RO         5945    CL$$btod_div_common  c_w.l(btod.o)
    0x080010ec   0x080010ec   0x000000dc   Code   RO         5942    CL$$btod_e2e        c_w.l(btod.o)
    0x080011c8   0x080011c8   0x0000002a   Code   RO         5939    CL$$btod_ediv       c_w.l(btod.o)
    0x080011f2   0x080011f2   0x0000002a   Code   RO         5938    CL$$btod_emul       c_w.l(btod.o)
    0x0800121c   0x0800121c   0x00000244   Code   RO         5944    CL$$btod_mult_common  c_w.l(btod.o)
    0x08001460   0x08001460   0x00000004   Code   RO          225    i.BusFault_Handler  stm32f4xx_it.o
    0x08001464   0x08001464   0x00000002   Code   RO          226    i.DebugMon_Handler  stm32f4xx_it.o
    0x08001466   0x08001466   0x00000090   Code   RO         2166    i.GPIO_Init         stm32f4xx_gpio.o
    0x080014f6   0x080014f6   0x00000046   Code   RO         2167    i.GPIO_PinAFConfig  stm32f4xx_gpio.o
    0x0800153c   0x0800153c   0x00000006   Code   RO         2173    i.GPIO_ResetBits    stm32f4xx_gpio.o
    0x08001542   0x08001542   0x00000004   Code   RO         2174    i.GPIO_SetBits      stm32f4xx_gpio.o
    0x08001546   0x08001546   0x00000004   Code   RO          227    i.HardFault_Handler  stm32f4xx_it.o
    0x0800154a   0x0800154a   0x00000002   PAD
    0x0800154c   0x0800154c   0x0000004c   Code   RO         5320    i.KEY_Init          key.o
    0x08001598   0x08001598   0x00000040   Code   RO         5296    i.LED_Init          led.o
    0x080015d8   0x080015d8   0x00000004   Code   RO          228    i.MemManage_Handler  stm32f4xx_it.o
    0x080015dc   0x080015dc   0x00000002   Code   RO          229    i.NMI_Handler       stm32f4xx_it.o
    0x080015de   0x080015de   0x00000002   PAD
    0x080015e0   0x080015e0   0x00000078   Code   RO          426    i.NVIC_Init         misc.o
    0x08001658   0x08001658   0x00000014   Code   RO          427    i.NVIC_PriorityGroupConfig  misc.o
    0x0800166c   0x0800166c   0x00000030   Code   RO         5361    i.OLED_Clear        oled.o
    0x0800169c   0x0800169c   0x00000078   Code   RO         5368    i.OLED_DrawPoint    oled.o
    0x08001714   0x08001714   0x00000168   Code   RO         5369    i.OLED_Init         oled.o
    0x0800187c   0x0800187c   0x0000004c   Code   RO         5371    i.OLED_Refresh      oled.o
    0x080018c8   0x080018c8   0x0000013c   Code   RO         5373    i.OLED_ShowChar     oled.o
    0x08001a04   0x08001a04   0x0000004e   Code   RO         5379    i.OLED_ShowString   oled.o
    0x08001a52   0x08001a52   0x00000002   PAD
    0x08001a54   0x08001a54   0x00000088   Code   RO         5380    i.OLED_WR_Byte      oled.o
    0x08001adc   0x08001adc   0x000000a0   Code   RO          341    i.PID_Calculate     pid.o
    0x08001b7c   0x08001b7c   0x00000054   Code   RO          342    i.PID_TimerInit     pid.o
    0x08001bd0   0x08001bd0   0x00000058   Code   RO          343    i.PID_param_init    pid.o
    0x08001c28   0x08001c28   0x0000000c   Code   RO         2972    i.PWR_WakeUpPinCmd  stm32f4xx_pwr.o
    0x08001c34   0x08001c34   0x00000002   Code   RO          230    i.PendSV_Handler    stm32f4xx_it.o
    0x08001c36   0x08001c36   0x00000002   PAD
    0x08001c38   0x08001c38   0x00000020   Code   RO         3092    i.RCC_AHB1PeriphClockCmd  stm32f4xx_rcc.o
    0x08001c58   0x08001c58   0x00000020   Code   RO         3101    i.RCC_APB1PeriphClockCmd  stm32f4xx_rcc.o
    0x08001c78   0x08001c78   0x00000020   Code   RO         3104    i.RCC_APB2PeriphClockCmd  stm32f4xx_rcc.o
    0x08001c98   0x08001c98   0x000000e8   Code   RO         3113    i.RCC_GetClocksFreq  stm32f4xx_rcc.o
    0x08001d80   0x08001d80   0x00000002   Code   RO          231    i.SVC_Handler       stm32f4xx_it.o
    0x08001d82   0x08001d82   0x00000002   PAD
    0x08001d84   0x08001d84   0x000000ec   Code   RO            4    i.SetSysClock       system_stm32f4xx.o
    0x08001e70   0x08001e70   0x00000028   Code   RO          430    i.SysTick_CLKSourceConfig  misc.o
    0x08001e98   0x08001e98   0x00000002   Code   RO          232    i.SysTick_Handler   stm32f4xx_it.o
    0x08001e9a   0x08001e9a   0x00000002   PAD
    0x08001e9c   0x08001e9c   0x00000068   Code   RO            6    i.SystemInit        system_stm32f4xx.o
    0x08001f04   0x08001f04   0x00000038   Code   RO          300    i.TIM1_UP_TIM10_IRQHandler  control.o
    0x08001f3c   0x08001f3c   0x0000002c   Code   RO         5618    i.TIM2_IRQHandler   servo.o
    0x08001f68   0x08001f68   0x00000018   Code   RO         5806    i.TIM3_IRQHandler   timer.o
    0x08001f80   0x08001f80   0x00000006   Code   RO         4483    i.TIM_ClearITPendingBit  stm32f4xx_tim.o
    0x08001f86   0x08001f86   0x00000018   Code   RO         4488    i.TIM_Cmd           stm32f4xx_tim.o
    0x08001f9e   0x08001f9e   0x00000022   Code   RO         4509    i.TIM_GetITStatus   stm32f4xx_tim.o
    0x08001fc0   0x08001fc0   0x00000012   Code   RO         4513    i.TIM_ITConfig      stm32f4xx_tim.o
    0x08001fd2   0x08001fd2   0x00000002   PAD
    0x08001fd4   0x08001fd4   0x0000007c   Code   RO         4517    i.TIM_OC1Init       stm32f4xx_tim.o
    0x08002050   0x08002050   0x00000012   Code   RO         4520    i.TIM_OC1PreloadConfig  stm32f4xx_tim.o
    0x08002062   0x08002062   0x00000002   PAD
    0x08002064   0x08002064   0x000000a4   Code   RO         4522    i.TIM_OC2Init       stm32f4xx_tim.o
    0x08002108   0x08002108   0x0000001a   Code   RO         4525    i.TIM_OC2PreloadConfig  stm32f4xx_tim.o
    0x08002122   0x08002122   0x00000004   Code   RO         4548    i.TIM_SetAutoreload  stm32f4xx_tim.o
    0x08002126   0x08002126   0x00000004   Code   RO         4550    i.TIM_SetCompare1   stm32f4xx_tim.o
    0x0800212a   0x0800212a   0x00000004   Code   RO         4551    i.TIM_SetCompare2   stm32f4xx_tim.o
    0x0800212e   0x0800212e   0x00000002   PAD
    0x08002130   0x08002130   0x00000084   Code   RO         4560    i.TIM_TimeBaseInit  stm32f4xx_tim.o
    0x080021b4   0x080021b4   0x00000090   Code   RO         5506    i.USART1_IRQHandler  pidtool.o
    0x08002244   0x08002244   0x00000120   Code   RO         5734    i.USART2_IRQHandler  usart.o
    0x08002364   0x08002364   0x00000012   Code   RO         5038    i.USART_ClearFlag   stm32f4xx_usart.o
    0x08002376   0x08002376   0x0000001e   Code   RO         5039    i.USART_ClearITPendingBit  stm32f4xx_usart.o
    0x08002394   0x08002394   0x00000018   Code   RO         5042    i.USART_Cmd         stm32f4xx_usart.o
    0x080023ac   0x080023ac   0x00000054   Code   RO         5046    i.USART_GetITStatus  stm32f4xx_usart.o
    0x08002400   0x08002400   0x0000004a   Code   RO         5048    i.USART_ITConfig    stm32f4xx_usart.o
    0x0800244a   0x0800244a   0x00000002   PAD
    0x0800244c   0x0800244c   0x000000d4   Code   RO         5049    i.USART_Init        stm32f4xx_usart.o
    0x08002520   0x08002520   0x0000000a   Code   RO         5056    i.USART_ReceiveData  stm32f4xx_usart.o
    0x0800252a   0x0800252a   0x00000004   Code   RO          233    i.UsageFault_Handler  stm32f4xx_it.o
    0x0800252e   0x0800252e   0x00000030   Code   RO         5966    i.__ARM_fpclassify  m_wm.l(fpclassify.o)
    0x0800255e   0x0800255e   0x00000004   Code   RO         5735    i._sys_exit         usart.o
    0x08002562   0x08002562   0x0000001c   Code   RO         5507    i.check_sum         pidtool.o
    0x0800257e   0x0800257e   0x00000002   PAD
    0x08002580   0x08002580   0x00000050   Code   RO         5736    i.decode_uartData   usart.o
    0x080025d0   0x080025d0   0x0000003c   Code   RO         5668    i.delay_init        delay.o
    0x0800260c   0x0800260c   0x00000038   Code   RO         5669    i.delay_ms          delay.o
    0x08002644   0x08002644   0x0000004c   Code   RO         5671    i.delay_xms         delay.o
    0x08002690   0x08002690   0x0000001c   Code   RO         5737    i.fputc             usart.o
    0x080026ac   0x080026ac   0x0000001a   Code   RO         5508    i.get_frame_checksum  pidtool.o
    0x080026c6   0x080026c6   0x00000034   Code   RO         5509    i.get_frame_len     pidtool.o
    0x080026fa   0x080026fa   0x0000000e   Code   RO         5510    i.get_frame_type    pidtool.o
    0x08002708   0x08002708   0x00000088   Code   RO          401    i.kalmanFilter_A    kalman.o
    0x08002790   0x08002790   0x0000018c   Code   RO          148    i.main              main.o
    0x0800291c   0x0800291c   0x00000040   Code   RO          301    i.mode_1            control.o
    0x0800295c   0x0800295c   0x00000034   Code   RO         5512    i.protocol_data_recv  pidtool.o
    0x08002990   0x08002990   0x000001c0   Code   RO         5513    i.protocol_frame_parse  pidtool.o
    0x08002b50   0x08002b50   0x0000001c   Code   RO         5514    i.protocol_init     pidtool.o
    0x08002b6c   0x08002b6c   0x00000118   Code   RO         5515    i.receiving_process  pidtool.o
    0x08002c84   0x08002c84   0x00000074   Code   RO         5516    i.recvbuf_find_header  pidtool.o
    0x08002cf8   0x08002cf8   0x00000022   Code   RO         5517    i.recvbuf_get_len_to_parse  pidtool.o
    0x08002d1a   0x08002d1a   0x00000046   Code   RO         5518    i.recvbuf_put_data  pidtool.o
    0x08002d60   0x08002d60   0x00000054   Code   RO         5619    i.servo_ctr         servo.o
    0x08002db4   0x08002db4   0x000000f4   Code   RO         5620    i.servo_init        servo.o
    0x08002ea8   0x08002ea8   0x00000042   Code   RO          345    i.set_p_i_d         pid.o
    0x08002eea   0x08002eea   0x0000000c   Code   RO          346    i.set_pid_polarity  pid.o
    0x08002ef6   0x08002ef6   0x00000006   Code   RO          347    i.set_pid_target    pid.o
    0x08002efc   0x08002efc   0x000000b4   Code   RO         5738    i.uart2_v831_init   usart.o
    0x08002fb0   0x08002fb0   0x000000c4   Code   RO         5739    i.uart_init         usart.o
    0x08003074   0x08003074   0x0000002c   Code   RO         5962    locale$$code        c_w.l(lc_numeric_c.o)
    0x080030a0   0x080030a0   0x0000000c   Code   RO         5901    x$fpl$dretinf       fz_wm.l(dretinf.o)
    0x080030ac   0x080030ac   0x00000056   Code   RO         5887    x$fpl$f2d           fz_wm.l(f2d.o)
    0x08003102   0x08003102   0x0000008c   Code   RO         5903    x$fpl$fnaninf       fz_wm.l(fnaninf.o)
    0x0800318e   0x0800318e   0x0000000a   Code   RO         6034    x$fpl$fpinit        fz_wm.l(fpinit.o)
    0x08003198   0x08003198   0x00000004   Code   RO         5889    x$fpl$printf1       fz_wm.l(printf1.o)
    0x0800319c   0x0800319c   0x00000000   Code   RO         5905    x$fpl$usenofp       fz_wm.l(usenofp.o)
    0x0800319c   0x0800319c   0x00001e10   Data   RO         5382    .constdata          oled.o
    0x08004fac   0x08004fac   0x00000094   Data   RO         5933    .constdata          c_w.l(bigflt0.o)
    0x08005040   0x08005040   0x00000020   Data   RO         6107    Region$$Table       anon$$obj.o
    0x08005060   0x08005060   0x0000001c   Data   RO         5961    locale$$data        c_w.l(lc_numeric_c.o)


    Execution Region RW_IRAM2 (Exec base: 0x10000000, Load base: 0x080050dc, Size: 0x00000000, Max: 0x00010000, ABSOLUTE)

    **** No section assigned to this execution region ****


    Execution Region RW_IRAM1 (Exec base: 0x20000000, Load base: 0x0800507c, Size: 0x00001988, Max: 0x00020000, ABSOLUTE)

    Exec Addr    Load Addr    Size         Type   Attr      Idx    E Section Name        Object

    0x20000000   0x0800507c   0x0000000c   Data   RW          149    .data               main.o
    0x2000000c   0x08005088   0x0000000c   Data   RW          304    .data               control.o
    0x20000018   0x08005094   0x00000014   Data   RW          402    .data               kalman.o
    0x2000002c   0x080050a8   0x00000010   Data   RW         3145    .data               stm32f4xx_rcc.o
    0x2000003c   0x080050b8   0x00000008   Data   RW         5522    .data               pidtool.o
    0x20000044   0x080050c0   0x0000000c   Data   RW         5621    .data               servo.o
    0x20000050   0x080050cc   0x00000004   Data   RW         5672    .data               delay.o
    0x20000054   0x080050d0   0x0000000a   Data   RW         5742    .data               usart.o
    0x2000005e   0x080050da   0x00000002   PAD
    0x20000060        -       0x00000050   Zero   RW          303    .bss                control.o
    0x200000b0        -       0x00000480   Zero   RW         5381    .bss                oled.o
    0x20000530        -       0x00000116   Zero   RW         5521    .bss                pidtool.o
    0x20000646        -       0x000000dc   Zero   RW         5741    .bss                usart.o
    0x20000722   0x080050da   0x00000002   PAD
    0x20000724        -       0x00000060   Zero   RW         5969    .bss                c_w.l(libspace.o)
    0x20000784   0x080050da   0x00000004   PAD
    0x20000788        -       0x00000200   Zero   RW         5659    HEAP                startup_stm32f40_41xxx.o
    0x20000988        -       0x00001000   Zero   RW         5658    STACK               startup_stm32f40_41xxx.o


==============================================================================

Image component sizes


      Code (inc. data)   RO Data    RW Data    ZI Data      Debug   Object Name

       120         36          0         12         80       1907   control.o
       192         12          0          4          0       1952   delay.o
       136         22          0         20          0        621   kalman.o
        76         10          0          0          0        539   key.o
        64          4          0          0          0        527   led.o
       396         80          0         12          0       2811   main.o
       180         24          0          0          0       2097   misc.o
      1134         52       7696          0       1152       6462   oled.o
       416         18          0          0          0       3809   pid.o
      1292         54          0          8        278      36117   pidtool.o
       372         22          0         12          0       2878   servo.o
        64         26        392          0       4608        848   startup_stm32f40_41xxx.o
       224          0          0          0          0       2899   stm32f4xx_gpio.o
        26          0          0          0          0       4250   stm32f4xx_it.o
        12          6          0          0          0        531   stm32f4xx_pwr.o
       328         36          0         16          0       4691   stm32f4xx_rcc.o
       558         48          0          0          0       8080   stm32f4xx_tim.o
       452          8          0          0          0       5530   stm32f4xx_usart.o
       340         32          0          0          0     292657   system_stm32f4xx.o
        24          4          0          0          0        494   timer.o
       776         58          0         10        220       5854   usart.o

    ----------------------------------------------------------------------
      7204        552       8120         96       6340     385554   Object Totals
         0          0         32          0          0          0   (incl. Generated)
        22          0          0          2          2          0   (incl. Padding)

    ----------------------------------------------------------------------

      Code (inc. data)   RO Data    RW Data    ZI Data      Debug   Library Member Name

         8          0          0          0          0         68   __main.o
       104          0          0          0          0         84   __printf.o
         0          0          0          0          0          0   __rtentry.o
        12          0          0          0          0          0   __rtentry2.o
         6          0          0          0          0          0   __rtentry4.o
        52          8          0          0          0          0   __scatter.o
        26          0          0          0          0          0   __scatter_copy.o
        28          0          0          0          0          0   __scatter_zi.o
        48          6          0          0          0         96   _printf_char_common.o
        36          4          0          0          0         80   _printf_char_file.o
         6          0          0          0          0          0   _printf_d.o
       120         16          0          0          0         92   _printf_dec.o
         6          0          0          0          0          0   _printf_f.o
      1054          0          0          0          0        216   _printf_fp_dec.o
       128         16          0          0          0         84   _printf_fp_infnan.o
       178          0          0          0          0         88   _printf_intcommon.o
         0          0          0          0          0          0   _printf_percent.o
         4          0          0          0          0          0   _printf_percent_end.o
       228          4        148          0          0         96   bigflt0.o
      1936        128          0          0          0        672   btod.o
        18          0          0          0          0         80   exit.o
         8          0          0          0          0         68   ferror.o
         6          0          0          0          0        152   heapauxi.o
        44         10         28          0          0         76   lc_numeric_c.o
         2          0          0          0          0          0   libinit.o
        22          0          0          0          0          0   libinit2.o
         2          0          0          0          0          0   libshutdown.o
         2          0          0          0          0          0   libshutdown2.o
         8          4          0          0         96         68   libspace.o
       138          0          0          0          0         80   lludiv10.o
        24          4          0          0          0         84   noretval__2printf.o
         8          4          0          0          0         68   rt_locale_intlibspace.o
        78          0          0          0          0         80   rt_memclr_w.o
       138          0          0          0          0         68   rt_memcpy_v6.o
       100          0          0          0          0         80   rt_memcpy_w.o
         2          0          0          0          0          0   rtexit.o
        10          0          0          0          0          0   rtexit2.o
       128          0          0          0          0         68   strcmpv7m.o
        74          0          0          0          0         80   sys_stackheap_outer.o
         2          0          0          0          0         68   use_no_semi.o
         2          0          0          0          0         68   use_no_semi_2.o
        12          0          0          0          0        116   dretinf.o
        86          4          0          0          0        132   f2d.o
       140          4          0          0          0        132   fnaninf.o
        10          0          0          0          0        116   fpinit.o
         4          0          0          0          0        116   printf1.o
         0          0          0          0          0          0   usenofp.o
        48          0          0          0          0        124   fpclassify.o

    ----------------------------------------------------------------------
      5104        212        176          0        100       3500   Library Totals
         8          0          0          0          4          0   (incl. Padding)

    ----------------------------------------------------------------------

      Code (inc. data)   RO Data    RW Data    ZI Data      Debug   Library Name

      4796        204        176          0         96       2764   c_w.l
       252          8          0          0          0        612   fz_wm.l
        48          0          0          0          0        124   m_wm.l

    ----------------------------------------------------------------------
      5104        212        176          0        100       3500   Library Totals

    ----------------------------------------------------------------------

==============================================================================


      Code (inc. data)   RO Data    RW Data    ZI Data      Debug   

     12308        764       8296         96       6440     379446   Grand Totals
     12308        764       8296         96       6440     379446   ELF Image Totals
     12308        764       8296         96          0          0   ROM Totals

==============================================================================

    Total RO  Size (Code + RO Data)                20604 (  20.12kB)
    Total RW  Size (RW Data + ZI Data)              6536 (   6.38kB)
    Total ROM Size (Code + RO Data + RW Data)      20700 (  20.21kB)

==============================================================================

